Archive member included because of file (symbol)

/usr/local/xenon/usr/lib/libxenon.a(startup_from_xell.o)
                              (_start)
/usr/local/xenon/usr/lib/libxenon.a(ata.o)
                              main.o (xenon_ata_init)
/usr/local/xenon/usr/lib/libxenon.a(input.o)
                              main.o (get_controller_data)
/usr/local/xenon/usr/lib/libxenon.a(newlib.o)
                              (read)
/usr/local/xenon/usr/lib/libxenon.a(atomic.o)
                              /usr/local/xenon/usr/lib/libxenon.a(startup_from_xell.o) (atomic_clearset)
/usr/local/xenon/usr/lib/libxenon.a(cache.o)
                              /usr/local/xenon/usr/lib/libxenon.a(ata.o) (memdcbt)
/usr/local/xenon/usr/lib/libxenon.a(except.o)
                              (exc_base)
/usr/local/xenon/usr/lib/libxenon.a(vm.o)
                              /usr/local/xenon/usr/lib/libxenon.a(except.o) (pagetable)
/usr/local/xenon/usr/lib/libxenon.a(time.o)
                              main.o (time)
/usr/local/xenon/usr/lib/libxenon.a(usbmain.o)
                              main.o (usb_init)
/usr/local/xenon/usr/lib/libxenon.a(tinyehci.o)
                              /usr/local/xenon/usr/lib/libxenon.a(usbmain.o) (USBStorage_Init)
/usr/local/xenon/usr/lib/libxenon.a(xenon_smc.o)
                              Tools.o (xenon_smc_power_shutdown)
/usr/local/xenon/usr/lib/libxenon.a(xenon_uart.o)
                              /usr/local/xenon/usr/lib/libxenon.a(newlib.o) (putch)
/usr/local/xenon/usr/lib/libxenon.a(edram.o)
                              Utils.o (edram_init)
/usr/local/xenon/usr/lib/libxenon.a(xe.o)
                              /usr/local/xenon/usr/lib/libxenon.a(edram.o) (Xe_pSyncToDevice)
/usr/local/xenon/usr/lib/libxenon.a(xenos.o)
                              /usr/local/xenon/usr/lib/libxenon.a(edram.o) (xenos_write32)
/usr/local/xenon/usr/lib/libxenon.a(diskio.o)
                              /usr/local/xenon/usr/lib/libxenon.a(ata.o) (register_bdev)
/usr/local/xenon/usr/lib/libxenon.a(fat.o)
                              /usr/local/xenon/usr/lib/libxenon.a(diskio.o) (vfs_fat_mount_ops)
/usr/local/xenon/usr/lib/libxenon.a(fat_rb.o)
                              /usr/local/xenon/usr/lib/libxenon.a(fat.o) (fat_init)
/usr/local/xenon/usr/lib/libxenon.a(file_rb.o)
                              /usr/local/xenon/usr/lib/libxenon.a(fat.o) (rb_close)
/usr/local/xenon/usr/lib/libxenon.a(dir_rb.o)
                              /usr/local/xenon/usr/lib/libxenon.a(fat.o) (rb_opendir)
/usr/local/xenon/usr/lib/libxenon.a(iso9660.o)
                              /usr/local/xenon/usr/lib/libxenon.a(diskio.o) (vfs_iso9660_mount_ops)
/usr/local/xenon/usr/lib/libxenon.a(lib_malloc.o)
                              /usr/local/xenon/usr/lib/libxenon.a(xe.o) (kmeminit)
/usr/local/xenon/usr/lib/libxenon.a(io.o)
                              /usr/local/xenon/usr/lib/libxenon.a(usbmain.o) (read32)
/usr/local/xenon/usr/lib/libxenon.a(ohci.o)
                              /usr/local/xenon/usr/lib/libxenon.a(usbmain.o) (ohci_driver)
/usr/local/xenon/usr/lib/libxenon.a(usbd.o)
                              /usr/local/xenon/usr/lib/libxenon.a(usbmain.o) (usb_poll)
/usr/local/xenon/usr/lib/libxenon.a(usbdevs.o)
                              /usr/local/xenon/usr/lib/libxenon.a(usbd.o) (usb_find_driver)
/usr/local/xenon/usr/lib/libxenon.a(usbhid.o)
                              /usr/local/xenon/usr/lib/libxenon.a(usbdevs.o) (usbhid_driver)
/usr/local/xenon/usr/lib/libxenon.a(usbhub.o)
                              /usr/local/xenon/usr/lib/libxenon.a(usbd.o) (usb_scan)
/usr/local/xenon/usr/lib/libxenon.a(usb_os.o)
                              /usr/local/xenon/usr/lib/libxenon.a(tinyehci.o) (ehci_maligned)
/usr/local/xenon/usr/lib/libxenon.a(unicode_rb.o)
                              /usr/local/xenon/usr/lib/libxenon.a(fat_rb.o) (utf8encode)
/usr/local/xenon/usr/lib/libxenon.a(xenon_gpio.o)
                              /usr/local/xenon/usr/lib/libxenon.a(xenos.o) (xenon_gpio_set_oe)
/usr/local/xenon/usr/lib/libxenon.a(xenon_config.o)
                              /usr/local/xenon/usr/lib/libxenon.a(xenos.o) (xenon_config_init)
/usr/local/xenon/usr/lib/libxenon.a(ucode.o)
                              /usr/local/xenon/usr/lib/libxenon.a(xe.o) (xenos_ucode1)
/usr/local/xenon/usr/lib/libxenon.a(disk_rb.o)
                              /usr/local/xenon/usr/lib/libxenon.a(fat_rb.o) (storage_read_sectors)
/usr/local/xenon/usr/lib/libxenon.a(lib_queue.o)
                              /usr/local/xenon/usr/lib/libxenon.a(ohci.o) (q_enqueue)
/usr/local/xenon/usr/lib/libxenon.a(usbctrl.o)
                              /usr/local/xenon/usr/lib/libxenon.a(usbdevs.o) (usbctrl_driver)
/usr/local/xenon/usr/lib/libxenon.a(usbdebug.o)
                              /usr/local/xenon/usr/lib/libxenon.a(usbhub.o) (usb_dbg_dumpportstatus)
/usr/local/xenon/usr/lib/libxenon.a(xenon_sfcx.o)
[...]
Memory Configuration

Name             Origin             Length             Attributes
*default*        0x0000000000000000 0xffffffffffffffff

Linker script and memory map

LOAD /usr/local/xenon/lib/gcc/xenon/4.6.0/../../../../xenon/lib/../lib/crt1.o
LOAD /usr/local/xenon/lib/gcc/xenon/4.6.0/../../../../xenon/lib/../lib/crti.o
LOAD /usr/local/xenon/lib/gcc/xenon/4.6.0/32/crtbegin.o
LOAD draw_c_p.psu.o
LOAD draw_t_p.psu.o
LOAD draw_v.vsu.o
LOAD font_p.psu.o
LOAD font_v.vsu.o
LOAD Verdana_16.abc.o
LOAD Verdana_16.png.o
LOAD main.o
LOAD Tank.o
LOAD Tools.o
LOAD Console.o
LOAD Draw.o
LOAD Font.o
LOAD stdafx.o
LOAD Utils.o
LOAD zlx.o
LOAD /usr/local/xenon/usr/lib/libxenon.a
LOAD /usr/local/xenon/usr/lib/libpng.a
LOAD /usr/local/xenon/usr/lib/libz.a
LOAD /usr/local/xenon/lib/gcc/xenon/4.6.0/../../../../xenon/lib/../lib/libstdc++.a
LOAD /usr/local/xenon/xenon/lib/32/libm.a
LOAD /usr/local/xenon/lib/gcc/xenon/4.6.0/32/libgcc.a
LOAD /usr/local/xenon/xenon/lib/32/libc.a
LOAD /usr/local/xenon/lib/gcc/xenon/4.6.0/32/libgcc.a
LOAD /usr/local/xenon/lib/gcc/xenon/4.6.0/32/crtend.o
LOAD /usr/local/xenon/lib/gcc/xenon/4.6.0/../../../../xenon/lib/../lib/crtn.o
                0x0000000080000000                . = 0x80000000

.text           0x0000000080000000    0x6e1d8
 *(.except*)
 .except        0x0000000080000000     0x1dd0 /usr/local/xenon/usr/lib/libxenon.a(except.o)
                0x0000000080000000                secondary_lock
                0x0000000080000000                exc_base
                0x0000000080000004                secondary_alive
 *(.pagetable)
 .pagetable     0x0000000080001dd0       0x40 /usr/local/xenon/usr/lib/libxenon.a(vm.o)
                0x0000000080001dd0                pagetable
 *(.text*)
 .text.call_ctors
                0x0000000080001e10       0x48 /usr/local/xenon/lib/gcc/xenon/4.6.0/../../../../xenon/lib/../lib/crt1.o
                0x0000000080001e10                call_ctors
 .text._ZN9MyConsole9RenderAppEv
                0x0000000080001e58      0x12c main.o
                0x0000000080001e58                _ZN9MyConsole9RenderAppEv
 *fill*         0x0000000080001f84        0x4 00
 .text._ZN9MyConsole4InitEv
                0x0000000080001f88      0x1cc main.o
                0x0000000080001f88                _ZN9MyConsole4InitEv
 *fill*         0x0000000080002154        0x4 00
 .text._ZN9MyConsole7WarningEPKc
                0x0000000080002158      0x298 main.o
                0x0000000080002158                _ZN9MyConsole7WarningEPKc
 .text._ZN9MyConsole6UpdateEv
                0x00000000800023f0      0x398 main.o
                0x00000000800023f0                _ZN9MyConsole6UpdateEv
 .text._ZN9MyConsole5AlertEPKc
                0x0000000080002788      0x22c main.o
                0x0000000080002788                _ZN9MyConsole5AlertEPKc
 *fill*         0x00000000800029b4        0x4 00
 .text._ZN9MyConsole3RunEv
                0x00000000800029b8      0x108 main.o
                0x00000000800029b8                _ZN9MyConsole3RunEv
 .text.startup.main
                0x0000000080002ac0       0x2c main.o
                0x0000000080002ac0                main
 *fill*         0x0000000080002aec        0x4 00
 .text._ZN7cBullet9CollisionEff
                0x0000000080002af0      0x148 Tank.o
                0x0000000080002af0                _ZN7cBullet9CollisionEff
 .text._ZN5cTank9CollisionEPS_
                0x0000000080002c38      0x23c Tank.o
                0x0000000080002c38                _ZN5cTank9CollisionEPS_
 *fill*         0x0000000080002e74        0x4 00
 .text._ZN5cTank11checkBoundsEv
                0x0000000080002e78       0x54 Tank.o
                0x0000000080002e78                _ZN5cTank11checkBoundsEv
 *fill*         0x0000000080002ecc        0x4 00
 .text._ZN5cTank8FinalizeEv
                0x0000000080002ed0       0x54 Tank.o
                0x0000000080002ed0                _ZN5cTank8FinalizeEv
 *fill*         0x0000000080002f24        0x4 00
 .text._ZN7cBullet11checkBoundsEv
                0x0000000080002f28       0x58 Tank.o
                0x0000000080002f28                _ZN7cBullet11checkBoundsEv
 .text._ZN5cTank8getImageEv
                0x0000000080002f80      0x104 Tank.o
                0x0000000080002f80                _ZN5cTank8getImageEv
 *fill*         0x0000000080003084        0x4 00
 .text._ZN5cTank4moveEv
                0x0000000080003088      0x148 Tank.o
                0x0000000080003088                _ZN5cTank4moveEv
 .text._ZN5cTank5spawnEffi
                0x00000000800031d0       0x80 Tank.o
                0x00000000800031d0                _ZN5cTank5spawnEffi
 .text._ZN5cTank10setTextureEP12XenosSurface
                0x0000000080003250       0x14 Tank.o
                0x0000000080003250                _ZN5cTank10setTextureEP12XenosSurface
 *fill*         0x0000000080003264        0x4 00
 .text._ZN7cBullet4moveEv
                0x0000000080003268       0x98 Tank.o
                0x0000000080003268                _ZN7cBullet4moveEv
 .text._ZN5cTank6updateEv
                0x0000000080003300       0xa0 Tank.o
                0x0000000080003300                _ZN5cTank6updateEv
 .text._ZN7cBullet8getImageEv
                0x00000000800033a0       0xbc Tank.o
                0x00000000800033a0                _ZN7cBullet8getImageEv
 *fill*         0x000000008000345c        0x4 00
 .text._ZN7cBullet5spawnEffi
                0x0000000080003460       0x94 Tank.o
                0x0000000080003460                _ZN7cBullet5spawnEffi
 *fill*         0x00000000800034f4        0x4 00
 .text._ZN5cTank5shootEv
                0x00000000800034f8       0xa0 Tank.o
                0x00000000800034f8                _ZN5cTank5shootEv
 .text._ZN7cBullet4drawEv
                0x0000000080003598       0xd8 Tank.o
                0x0000000080003598                _ZN7cBullet4drawEv
 .text._ZN5cTank4drawEv
                0x0000000080003670      0x25c Tank.o
                0x0000000080003670                _ZN5cTank4drawEv
 *fill*         0x00000000800038cc        0x4 00
 .text._ZN3ZLX7Console6CreateEPKcjj
                0x00000000800038d0      0x350 Console.o
                0x00000000800038d0                _ZN3ZLX7Console6CreateEPKcjj
 .text._ZN3ZLX7Console5BeginEv
                0x0000000080003c20       0x3c Console.o
                0x0000000080003c20                _ZN3ZLX7Console5BeginEv
 *fill*         0x0000000080003c5c        0x4 00
 .text._ZN3ZLX7Console3EndEv
                0x0000000080003c60       0x38 Console.o
                0x0000000080003c60                _ZN3ZLX7Console3EndEv
 .text._ZN3ZLX7Console6RenderEv
                0x0000000080003c98       0xa8 Console.o
                0x0000000080003c98                _ZN3ZLX7Console6RenderEv
 .text._ZN3ZLXL12CreateShaderEv
                0x0000000080003d40       0xdc Draw.o
 *fill*         0x0000000080003e1c        0x4 00
 .text._ZN3ZLX4Draw20DrawClipTexturedRectEffffffffP12XenosSurface
                0x0000000080003e20      0x1fc Draw.o
                0x0000000080003e20                _ZN3ZLX4Draw20DrawClipTexturedRectEffffffffP12XenosSurface
 *fill*         0x000000008000401c        0x4 00
 .text._ZN3ZLX4Draw15DrawColoredRectEffffj
                0x0000000080004020      0x194 Draw.o
                0x0000000080004020                _ZN3ZLX4Draw15DrawColoredRectEffffj
 *fill*         0x00000000800041b4        0x4 00
 .text._ZN3ZLX4Font16CreateFontShaderEv
                0x00000000800041b8       0xc8 Font.o
                0x00000000800041b8                _ZN3ZLX4Font16CreateFontShaderEv
 .text._ZN3ZLX4Font12GetXSafeAreaEv
                0x0000000080004280       0x64 Font.o
                0x0000000080004280                _ZN3ZLX4Font12GetXSafeAreaEv
 *fill*         0x00000000800042e4        0x4 00
 .text._ZN3ZLX4Font12GetYSafeAreaEv
                0x00000000800042e8       0x64 Font.o
                0x00000000800042e8                _ZN3ZLX4Font12GetYSafeAreaEv
 *fill*         0x000000008000434c        0x4 00
 .text._ZN3ZLX4Font6CreateEP12XenosSurfacePKv
                0x0000000080004350      0x118 Font.o
                0x0000000080004350                _ZN3ZLX4Font6CreateEP12XenosSurfacePKv
 .text._ZN3ZLX4Font8DrawTextEPKcjff
                0x0000000080004468      0x5a0 Font.o
                0x0000000080004468                _ZN3ZLX4Font8DrawTextEPKcjff
 .text._ZN3ZLX4Font9DrawTextFEPKcjff
                0x0000000080004a08      0x124 Font.o
                0x0000000080004a08                _ZN3ZLX4Font9DrawTextFEPKcjff
 *fill*         0x0000000080004b2c        0x4 00
 .text._ZN3ZLX4Font3EndEv
                0x0000000080004b30        0x4 Font.o
                0x0000000080004b30                _ZN3ZLX4Font3EndEv
 *fill*         0x0000000080004b34        0x4 00
 .text._ZN3ZLX4Font5BeginEv
                0x0000000080004b38      0x1c4 Font.o
                0x0000000080004b38                _ZN3ZLX4Font5BeginEv
 *fill*         0x0000000080004cfc        0x4 00
 .text._ZNK3ZLX4Font13GetTextExtentEPKcPfS3_j
                0x0000000080004d00       0xf8 Font.o
                0x0000000080004d00                _ZNK3ZLX4Font13GetTextExtentEPKcPfS3_j
 .text._ZN3ZLXL12png_mem_readEP14png_struct_defPhj
                0x0000000080004df8       0x68 Utils.o
 .text._ZN3ZLX17loadPNGFromMemoryEPh
                0x0000000080004e60      0x210 Utils.o
                0x0000000080004e60                _ZN3ZLX17loadPNGFromMemoryEPh
 .text._ZN3ZLX14GetScreenWidthEv
                0x0000000080005070        0x8 Utils.o
                0x0000000080005070                _ZN3ZLX14GetScreenWidthEv
 .text._ZN3ZLX15GetScreenHeightEv
                0x0000000080005078        0x8 Utils.o
                0x0000000080005078                _ZN3ZLX15GetScreenHeightEv
 .text._ZN3ZLX8LoadFileEPKcPPvPj
                0x0000000080005080      0x14c Utils.o
                0x0000000080005080                _ZN3ZLX8LoadFileEPKcPPvPj
 *fill*         0x00000000800051cc        0x4 00
 .text._ZN3ZLX19LoadTextureFromFileEP11XenosDevicePcPP12XenosSurface
                0x00000000800051d0       0xa8 Utils.o
                0x00000000800051d0                _ZN3ZLX19LoadTextureFromFileEP11XenosDevicePcPP12XenosSurface
 .text._ZN3ZLX15InitialiseVideoEv
                0x0000000080005278       0x90 Utils.o
                0x0000000080005278                _ZN3ZLX15InitialiseVideoEv
 *fill*         0x0000000080005308       0xf8 00
 .text          0x0000000080005400      0x2f0 /usr/local/xenon/usr/lib/libxenon.a(startup_from_xell.o)
                0x0000000080005400                _start
                0x00000000800055d4                wait
                0x0000000080005648                return_to_xell
 .text.xenon_ata_wait_ready
                0x00000000800056f0       0x1c /usr/local/xenon/usr/lib/libxenon.a(ata.o)
 .text.xenon_ata_pio_write
                0x000000008000570c       0x64 /usr/local/xenon/usr/lib/libxenon.a(ata.o)
 .text.xenon_ata_setlba
                0x0000000080005770       0x34 /usr/local/xenon/usr/lib/libxenon.a(ata.o)
 .text.xenon_atapi_packet
                0x00000000800057a4       0x84 /usr/local/xenon/usr/lib/libxenon.a(ata.o)
 .text.xenon_ata_setaddress
                0x0000000080005828      0x15c /usr/local/xenon/usr/lib/libxenon.a(ata.o)
 .text.xenon_ata_pio_read
                0x0000000080005984       0xcc /usr/local/xenon/usr/lib/libxenon.a(ata.o)
 .text.xenon_ata_identify
                0x0000000080005a50      0x2a8 /usr/local/xenon/usr/lib/libxenon.a(ata.o)
 .text.xenon_ata_dma_read
                0x0000000080005cf8      0x1a4 /usr/local/xenon/usr/lib/libxenon.a(ata.o)
 .text.xenon_ata_write_sectors
                0x0000000080005e9c       0x98 /usr/local/xenon/usr/lib/libxenon.a(ata.o)
 .text.xenon_ata_read_sectors
                0x0000000080005f34       0x7c /usr/local/xenon/usr/lib/libxenon.a(ata.o)
 .text.xenon_atapi_request_sense
                0x0000000080005fb0       0xa4 /usr/local/xenon/usr/lib/libxenon.a(ata.o)
                0x0000000080005fb0                xenon_atapi_request_sense
 .text.xenon_atapi_read_sectors
                0x0000000080006054       0xe0 /usr/local/xenon/usr/lib/libxenon.a(ata.o)
 .text.xenon_ata_init1
                0x0000000080006134      0x150 /usr/local/xenon/usr/lib/libxenon.a(ata.o)
                0x0000000080006134                xenon_ata_init1
 .text.xenon_ata_init
                0x0000000080006284       0xbc /usr/local/xenon/usr/lib/libxenon.a(ata.o)
                0x0000000080006284                xenon_ata_init
 .text.xenon_atapi_init
                0x0000000080006340       0xbc /usr/local/xenon/usr/lib/libxenon.a(ata.o)
                0x0000000080006340                xenon_atapi_init
 .text.get_controller_data
                0x00000000800063fc       0x60 /usr/local/xenon/usr/lib/libxenon.a(input.o)
                0x00000000800063fc                get_controller_data
 .text.set_controller_data
                0x000000008000645c       0x54 /usr/local/xenon/usr/lib/libxenon.a(input.o)
                0x000000008000645c                set_controller_data
 .text.vfs_console_isatty
                0x00000000800064b0        0x8 /usr/local/xenon/usr/lib/libxenon.a(newlib.o)
                0x00000000800064b0                vfs_console_isatty
 .text.is_valid_and_open_fd
                0x00000000800064b8       0x34 /usr/local/xenon/usr/lib/libxenon.a(newlib.o)
 .text.vfs_console_open
                0x00000000800064ec       0x50 /usr/local/xenon/usr/lib/libxenon.a(newlib.o)
                0x00000000800064ec                vfs_console_open
 .text.vfs_console_write
                0x000000008000653c       0x64 /usr/local/xenon/usr/lib/libxenon.a(newlib.o)
                0x000000008000653c                vfs_console_write
 .text.mount    0x00000000800065a0       0xa8 /usr/local/xenon/usr/lib/libxenon.a(newlib.o)
                0x00000000800065a0                mount
 .text.sbrk     0x0000000080006648       0x30 /usr/local/xenon/usr/lib/libxenon.a(newlib.o)
                0x0000000080006648                sbrk
 .text.write    0x0000000080006678       0x84 /usr/local/xenon/usr/lib/libxenon.a(newlib.o)
                0x0000000080006678                write
 .text.close    0x00000000800066fc       0x68 /usr/local/xenon/usr/lib/libxenon.a(newlib.o)
                0x00000000800066fc                close
 .text.fstat    0x0000000080006764       0x70 /usr/local/xenon/usr/lib/libxenon.a(newlib.o)
                0x0000000080006764                fstat
 .text.isatty   0x00000000800067d4       0x60 /usr/local/xenon/usr/lib/libxenon.a(newlib.o)
                0x00000000800067d4                isatty
 .text.lseek    0x0000000080006834       0x70 /usr/local/xenon/usr/lib/libxenon.a(newlib.o)
                0x0000000080006834                lseek
 .text.read     0x00000000800068a4       0x70 /usr/local/xenon/usr/lib/libxenon.a(newlib.o)
                0x00000000800068a4                read
 .text.open     0x0000000080006914      0x100 /usr/local/xenon/usr/lib/libxenon.a(newlib.o)
                0x0000000080006914                open
 .text._exit    0x0000000080006a14       0x24 /usr/local/xenon/usr/lib/libxenon.a(newlib.o)
                0x0000000080006a14                _exit
 .text.getpid   0x0000000080006a38        0x8 /usr/local/xenon/usr/lib/libxenon.a(newlib.o)
                0x0000000080006a38                getpid
 .text.kill     0x0000000080006a40        0x8 /usr/local/xenon/usr/lib/libxenon.a(newlib.o)
                0x0000000080006a40                kill
 .text          0x0000000080006a48       0x84 /usr/local/xenon/usr/lib/libxenon.a(atomic.o)
                0x0000000080006a48                atomic_inc
                0x0000000080006a5c                atomic_dec
                0x0000000080006a70                atomic_clearset
                0x0000000080006a88                lock
                0x0000000080006abc                unlock
 .text          0x0000000080006acc       0xa8 /usr/local/xenon/usr/lib/libxenon.a(cache.o)
                0x0000000080006acc                memdcbt
                0x0000000080006af4                memdcbst
                0x0000000080006b1c                memdcbf
                0x0000000080006b44                memicbi
 .text.tdelay   0x0000000080006b74       0x48 /usr/local/xenon/usr/lib/libxenon.a(time.o)
 .text.time     0x0000000080006bbc        0xc /usr/local/xenon/usr/lib/libxenon.a(time.o)
                0x0000000080006bbc                time
 .text.udelay   0x0000000080006bc8       0x10 /usr/local/xenon/usr/lib/libxenon.a(time.o)
                0x0000000080006bc8                udelay
 .text.mdelay   0x0000000080006bd8       0x18 /usr/local/xenon/usr/lib/libxenon.a(time.o)
                0x0000000080006bd8                mdelay
 .text.delay    0x0000000080006bf0       0x18 /usr/local/xenon/usr/lib/libxenon.a(time.o)
                0x0000000080006bf0                delay
 .text.usb_init_one_ohci
                0x0000000080006c08       0xcc /usr/local/xenon/usr/lib/libxenon.a(usbmain.o)
 .text.usb_init
                0x0000000080006cd4      0x104 /usr/local/xenon/usr/lib/libxenon.a(usbmain.o)
                0x0000000080006cd4                usb_init
 .text.usb_do_poll
                0x0000000080006dd8       0x90 /usr/local/xenon/usr/lib/libxenon.a(usbmain.o)
                0x0000000080006dd8                usb_do_poll
 .text.qtd_fill
                0x0000000080006e68       0xa4 /usr/local/xenon/usr/lib/libxenon.a(tinyehci.o)
 .text.ehci_qtd_alloc
                0x0000000080006f0c       0x78 /usr/local/xenon/usr/lib/libxenon.a(tinyehci.o)
 .text.handshake.isra.5
                0x0000000080006f84      0x178 /usr/local/xenon/usr/lib/libxenon.a(tinyehci.o)
 .text.ehci_mem_init
                0x00000000800070fc       0xf8 /usr/local/xenon/usr/lib/libxenon.a(tinyehci.o)
                0x00000000800070fc                ehci_mem_init
 .text.qh_urb_transaction
                0x00000000800071f4      0x1c0 /usr/local/xenon/usr/lib/libxenon.a(tinyehci.o)
                0x00000000800071f4                qh_urb_transaction
 .text.ehci_do_urb
                0x00000000800073b4      0x3c4 /usr/local/xenon/usr/lib/libxenon.a(tinyehci.o)
                0x00000000800073b4                ehci_do_urb
 .text.ehci_control_message
                0x0000000080007778       0x84 /usr/local/xenon/usr/lib/libxenon.a(tinyehci.o)
                0x0000000080007778                ehci_control_message
 .text.ehci_bulk_message
                0x00000000800077fc       0x48 /usr/local/xenon/usr/lib/libxenon.a(tinyehci.o)
                0x00000000800077fc                ehci_bulk_message
 .text.__send_cbw
                0x0000000080007844      0x118 /usr/local/xenon/usr/lib/libxenon.a(tinyehci.o)
 .text.ehci_reset_port_old
                0x000000008000795c      0x1a4 /usr/local/xenon/usr/lib/libxenon.a(tinyehci.o)
                0x000000008000795c                ehci_reset_port_old
 .text.ehci_adquire_port
                0x0000000080007b00       0x88 /usr/local/xenon/usr/lib/libxenon.a(tinyehci.o)
                0x0000000080007b00                ehci_adquire_port
 .text.ehci_reset_usb_port
                0x0000000080007b88      0x174 /usr/local/xenon/usr/lib/libxenon.a(tinyehci.o)
                0x0000000080007b88                ehci_reset_usb_port
 .text.ehci_reset_port2
                0x0000000080007cfc       0x6c /usr/local/xenon/usr/lib/libxenon.a(tinyehci.o)
                0x0000000080007cfc                ehci_reset_port2
 .text.USB_FreeDescriptors
                0x0000000080007d68       0xa8 /usr/local/xenon/usr/lib/libxenon.a(tinyehci.o)
                0x0000000080007d68                USB_FreeDescriptors
 .text.USB_GetDescriptors
                0x0000000080007e10      0x340 /usr/local/xenon/usr/lib/libxenon.a(tinyehci.o)
                0x0000000080007e10                USB_GetDescriptors
 .text.USB_GetConfiguration
                0x0000000080008150       0x7c /usr/local/xenon/usr/lib/libxenon.a(tinyehci.o)
                0x0000000080008150                USB_GetConfiguration
 .text.USB_SetConfiguration
                0x00000000800081cc       0x1c /usr/local/xenon/usr/lib/libxenon.a(tinyehci.o)
                0x00000000800081cc                USB_SetConfiguration
 .text.USB_SetAlternativeInterface
                0x00000000800081e8       0x28 /usr/local/xenon/usr/lib/libxenon.a(tinyehci.o)
                0x00000000800081e8                USB_SetAlternativeInterface
 .text.USB_ClearHalt
                0x0000000080008210       0x1c /usr/local/xenon/usr/lib/libxenon.a(tinyehci.o)
                0x0000000080008210                USB_ClearHalt
 .text.ehci_init_port
                0x000000008000822c      0x14c /usr/local/xenon/usr/lib/libxenon.a(tinyehci.o)
                0x000000008000822c                ehci_init_port
 .text.ehci_reset_port
                0x0000000080008378       0x50 /usr/local/xenon/usr/lib/libxenon.a(tinyehci.o)
                0x0000000080008378                ehci_reset_port
 .text.ehci_discover
                0x00000000800083c8       0x54 /usr/local/xenon/usr/lib/libxenon.a(tinyehci.o)
                0x00000000800083c8                ehci_discover
 .text.EHCI_do_one
                0x000000008000841c      0x144 /usr/local/xenon/usr/lib/libxenon.a(tinyehci.o)
 .text.my_memcmp
                0x0000000080008560       0x44 /usr/local/xenon/usr/lib/libxenon.a(tinyehci.o)
                0x0000000080008560                my_memcmp
 .text.USBStorage_Close
                0x00000000800085a4       0x44 /usr/local/xenon/usr/lib/libxenon.a(tinyehci.o)
                0x00000000800085a4                USBStorage_Close
 .text.USBStorage_ReadCapacity
                0x00000000800085e8       0xb8 /usr/local/xenon/usr/lib/libxenon.a(tinyehci.o)
                0x00000000800085e8                USBStorage_ReadCapacity
 .text.USBStorage_MountLUN
                0x00000000800086a0      0x1f4 /usr/local/xenon/usr/lib/libxenon.a(tinyehci.o)
                0x00000000800086a0                USBStorage_MountLUN
 .text.__usbstorage_reset.isra.9
                0x0000000080008894      0x1a8 /usr/local/xenon/usr/lib/libxenon.a(tinyehci.o)
 .text.USBStorage_Open
                0x0000000080008a3c      0x3b8 /usr/local/xenon/usr/lib/libxenon.a(tinyehci.o)
                0x0000000080008a3c                USBStorage_Open
 .text.__cycle.constprop.11
                0x0000000080008df4      0x268 /usr/local/xenon/usr/lib/libxenon.a(tinyehci.o)
 .text.USBStorage_Inquiry
                0x000000008000905c       0xa0 /usr/local/xenon/usr/lib/libxenon.a(tinyehci.o)
                0x000000008000905c                USBStorage_Inquiry
 .text.USBStorage_Read
                0x00000000800090fc      0x158 /usr/local/xenon/usr/lib/libxenon.a(tinyehci.o)
                0x00000000800090fc                USBStorage_Read
 .text.USBStorage_Write
                0x0000000080009254      0x158 /usr/local/xenon/usr/lib/libxenon.a(tinyehci.o)
                0x0000000080009254                USBStorage_Write
 .text.USBStorage_Try_Device
                0x00000000800093ac      0x19c /usr/local/xenon/usr/lib/libxenon.a(tinyehci.o)
                0x00000000800093ac                USBStorage_Try_Device
 .text.USBStorage_Init
                0x0000000080009548      0x1a4 /usr/local/xenon/usr/lib/libxenon.a(tinyehci.o)
                0x0000000080009548                USBStorage_Init
 .text.unplug_procedure
                0x00000000800096ec       0xd4 /usr/local/xenon/usr/lib/libxenon.a(tinyehci.o)
                0x00000000800096ec                unplug_procedure
 .text.USBStorage_Read_Sectors
                0x00000000800097c0      0x108 /usr/local/xenon/usr/lib/libxenon.a(tinyehci.o)
                0x00000000800097c0                USBStorage_Read_Sectors
 .text.usb2mass_read
                0x00000000800098c8       0x40 /usr/local/xenon/usr/lib/libxenon.a(tinyehci.o)
                0x00000000800098c8                usb2mass_read
 .text.USBStorage_Write_Sectors
                0x0000000080009908      0x108 /usr/local/xenon/usr/lib/libxenon.a(tinyehci.o)
                0x0000000080009908                USBStorage_Write_Sectors
 .text.usb2mass_write
                0x0000000080009a10       0x40 /usr/local/xenon/usr/lib/libxenon.a(tinyehci.o)
                0x0000000080009a10                usb2mass_write
 .text.EHCI_Init
                0x0000000080009a50       0x50 /usr/local/xenon/usr/lib/libxenon.a(tinyehci.o)
                0x0000000080009a50                EHCI_Init
 .text.xenon_smc_send_message
                0x0000000080009aa0       0x98 /usr/local/xenon/usr/lib/libxenon.a(xenon_smc.o)
                0x0000000080009aa0                xenon_smc_send_message
 .text.xenon_smc_receive_message
                0x0000000080009b38       0x80 /usr/local/xenon/usr/lib/libxenon.a(xenon_smc.o)
                0x0000000080009b38                xenon_smc_receive_message
 .text.xenon_smc_handle_bulk
                0x0000000080009bb8       0x98 /usr/local/xenon/usr/lib/libxenon.a(xenon_smc.o)
                0x0000000080009bb8                xenon_smc_handle_bulk
 .text.xenon_smc_receive_response
                0x0000000080009c50       0x48 /usr/local/xenon/usr/lib/libxenon.a(xenon_smc.o)
                0x0000000080009c50                xenon_smc_receive_response
 .text.xenon_smc_ana_write
                0x0000000080009c98       0x9c /usr/local/xenon/usr/lib/libxenon.a(xenon_smc.o)
                0x0000000080009c98                xenon_smc_ana_write
 .text.xenon_smc_ana_read
                0x0000000080009d34       0xc0 /usr/local/xenon/usr/lib/libxenon.a(xenon_smc.o)
                0x0000000080009d34                xenon_smc_ana_read
 .text.xenon_smc_i2c_write
                0x0000000080009df4       0x9c /usr/local/xenon/usr/lib/libxenon.a(xenon_smc.o)
                0x0000000080009df4                xenon_smc_i2c_write
 .text.xenon_smc_start_bootanim
                0x0000000080009e90       0x48 /usr/local/xenon/usr/lib/libxenon.a(xenon_smc.o)
                0x0000000080009e90                xenon_smc_start_bootanim
 .text.xenon_smc_read_avpack
                0x0000000080009ed8       0x48 /usr/local/xenon/usr/lib/libxenon.a(xenon_smc.o)
                0x0000000080009ed8                xenon_smc_read_avpack
 .text.putch    0x0000000080009f20       0x58 /usr/local/xenon/usr/lib/libxenon.a(xenon_uart.o)
                0x0000000080009f20                putch
 .text.determine_broken
                0x0000000080009f78       0x80 /usr/local/xenon/usr/lib/libxenon.a(edram.o)
 .text.edram_write
                0x0000000080009ff8       0xa4 /usr/local/xenon/usr/lib/libxenon.a(edram.o)
 .text.edram_read
                0x000000008000a09c       0x90 /usr/local/xenon/usr/lib/libxenon.a(edram.o)
 .text.edram_rmw
                0x000000008000a12c       0x5c /usr/local/xenon/usr/lib/libxenon.a(edram.o)
 .text.edram_p3
                0x000000008000a188       0xa8 /usr/local/xenon/usr/lib/libxenon.a(edram.o)
                0x000000008000a188                edram_p3
 .text.edram_p4
                0x000000008000a230       0x94 /usr/local/xenon/usr/lib/libxenon.a(edram.o)
                0x000000008000a230                edram_p4
 .text.edram_p2
                0x000000008000a2c4      0xc54 /usr/local/xenon/usr/lib/libxenon.a(edram.o)
                0x000000008000a2c4                edram_p2
 .text.edram_pc
                0x000000008000af18       0xc4 /usr/local/xenon/usr/lib/libxenon.a(edram.o)
                0x000000008000af18                edram_pc
 .text.edram_compare_crc
                0x000000008000afdc      0x124 /usr/local/xenon/usr/lib/libxenon.a(edram.o)
                0x000000008000afdc                edram_compare_crc
 .text.edram_init_state1
                0x000000008000b100      0x1b0 /usr/local/xenon/usr/lib/libxenon.a(edram.o)
                0x000000008000b100                edram_init_state1
 .text.edram_72c
                0x000000008000b2b0      0x920 /usr/local/xenon/usr/lib/libxenon.a(edram.o)
                0x000000008000b2b0                edram_72c
 .text.edram_974
                0x000000008000bbd0      0x1cc /usr/local/xenon/usr/lib/libxenon.a(edram.o)
                0x000000008000bbd0                edram_974
 .text.edram_9e4
                0x000000008000bd9c      0x81c /usr/local/xenon/usr/lib/libxenon.a(edram.o)
                0x000000008000bd9c                edram_9e4
 .text.edram_4c
                0x000000008000c5b8     0x16b8 /usr/local/xenon/usr/lib/libxenon.a(edram.o)
                0x000000008000c5b8                edram_4c
 .text.edram_init
                0x000000008000dc70      0x5d0 /usr/local/xenon/usr/lib/libxenon.a(edram.o)
                0x000000008000dc70                edram_init
 .text.Xe_pWriteReg
                0x000000008000e240       0x2c /usr/local/xenon/usr/lib/libxenon.a(xe.o)
 .text.Xe_pSyncToDevice
                0x000000008000e26c       0x28 /usr/local/xenon/usr/lib/libxenon.a(xe.o)
                0x000000008000e26c                Xe_pSyncToDevice
 .text.Xe_pSyncFromDevice
                0x000000008000e294       0x28 /usr/local/xenon/usr/lib/libxenon.a(xe.o)
                0x000000008000e294                Xe_pSyncFromDevice
 .text.Xe_pInvalidateGpuCache_Primary
                0x000000008000e2bc      0x1c4 /usr/local/xenon/usr/lib/libxenon.a(xe.o)
                0x000000008000e2bc                Xe_pInvalidateGpuCache_Primary
 .text.Xe_pRBCommitPrimary
                0x000000008000e480       0x70 /usr/local/xenon/usr/lib/libxenon.a(xe.o)
                0x000000008000e480                Xe_pRBCommitPrimary
 .text.Xe_pRBKickSegment
                0x000000008000e4f0       0xd0 /usr/local/xenon/usr/lib/libxenon.a(xe.o)
                0x000000008000e4f0                Xe_pRBKickSegment
 .text.Xe_pSetSurfaceClip
                0x000000008000e5c0       0x60 /usr/local/xenon/usr/lib/libxenon.a(xe.o)
                0x000000008000e5c0                Xe_pSetSurfaceClip
 .text.Xe_pDrawNonIndexed
                0x000000008000e620       0x4c /usr/local/xenon/usr/lib/libxenon.a(xe.o)
                0x000000008000e620                Xe_pDrawNonIndexed
 .text.Xe_pSetIndexOffset
                0x000000008000e66c       0x2c /usr/local/xenon/usr/lib/libxenon.a(xe.o)
                0x000000008000e66c                Xe_pSetIndexOffset
 .text.Xe_pResetRingbuffer
                0x000000008000e698       0x2c /usr/local/xenon/usr/lib/libxenon.a(xe.o)
                0x000000008000e698                Xe_pResetRingbuffer
 .text.Xe_pSetupRingbuffer
                0x000000008000e6c4       0x44 /usr/local/xenon/usr/lib/libxenon.a(xe.o)
                0x000000008000e6c4                Xe_pSetupRingbuffer
 .text.Xe_pEnableWriteback
                0x000000008000e708       0x30 /usr/local/xenon/usr/lib/libxenon.a(xe.o)
                0x000000008000e708                Xe_pEnableWriteback
 .text.Xe_pGInit0
                0x000000008000e738      0x454 /usr/local/xenon/usr/lib/libxenon.a(xe.o)
                0x000000008000e738                Xe_pGInit0
 .text.Xe_pGInit1
                0x000000008000eb8c       0xc4 /usr/local/xenon/usr/lib/libxenon.a(xe.o)
                0x000000008000eb8c                Xe_pGInit1
 .text.Xe_pGInit2
                0x000000008000ec50       0x50 /usr/local/xenon/usr/lib/libxenon.a(xe.o)
                0x000000008000ec50                Xe_pGInit2
 .text.Xe_pGInit3
                0x000000008000eca0       0x50 /usr/local/xenon/usr/lib/libxenon.a(xe.o)
                0x000000008000eca0                Xe_pGInit3
 .text.Xe_pGInit4
                0x000000008000ecf0       0x88 /usr/local/xenon/usr/lib/libxenon.a(xe.o)
                0x000000008000ecf0                Xe_pGInit4
 .text.Xe_pGInit5
                0x000000008000ed78      0x12c /usr/local/xenon/usr/lib/libxenon.a(xe.o)
                0x000000008000ed78                Xe_pGInit5
 .text.Xe_pGInit6
                0x000000008000eea4       0xc8 /usr/local/xenon/usr/lib/libxenon.a(xe.o)
                0x000000008000eea4                Xe_pGInit6
 .text.Xe_pGInit7
                0x000000008000ef6c       0x50 /usr/local/xenon/usr/lib/libxenon.a(xe.o)
                0x000000008000ef6c                Xe_pGInit7
 .text.Xe_pGInit8
                0x000000008000efbc       0x1c /usr/local/xenon/usr/lib/libxenon.a(xe.o)
                0x000000008000efbc                Xe_pGInit8
 .text.Xe_pGInit9
                0x000000008000efd8       0xc8 /usr/local/xenon/usr/lib/libxenon.a(xe.o)
                0x000000008000efd8                Xe_pGInit9
 .text.Xe_pGInit10
                0x000000008000f0a0       0xa8 /usr/local/xenon/usr/lib/libxenon.a(xe.o)
                0x000000008000f0a0                Xe_pGInit10
 .text.Xe_pGInit
                0x000000008000f148      0x16c /usr/local/xenon/usr/lib/libxenon.a(xe.o)
                0x000000008000f148                Xe_pGInit
 .text.Xe_DirtyAluConstant
                0x000000008000f2b4       0x58 /usr/local/xenon/usr/lib/libxenon.a(xe.o)
                0x000000008000f2b4                Xe_DirtyAluConstant
 .text.Xe_DirtyFetch
                0x000000008000f30c       0x60 /usr/local/xenon/usr/lib/libxenon.a(xe.o)
                0x000000008000f30c                Xe_DirtyFetch
 .text.Xe_pUploadShaderConstants
                0x000000008000f36c       0xe4 /usr/local/xenon/usr/lib/libxenon.a(xe.o)
                0x000000008000f36c                Xe_pUploadShaderConstants
 .text.Xe_pInvalidateGpuCache
                0x000000008000f450       0xbc /usr/local/xenon/usr/lib/libxenon.a(xe.o)
                0x000000008000f450                Xe_pInvalidateGpuCache
 .text.Xe_pInvalidateGpuCacheAll
                0x000000008000f50c       0xc0 /usr/local/xenon/usr/lib/libxenon.a(xe.o)
                0x000000008000f50c                Xe_pInvalidateGpuCacheAll
 .text.Xe_SetRenderTarget
                0x000000008000f5cc       0x5c /usr/local/xenon/usr/lib/libxenon.a(xe.o)
                0x000000008000f5cc                Xe_SetRenderTarget
 .text.Xe_pSetEDRAMLayout
                0x000000008000f628       0x78 /usr/local/xenon/usr/lib/libxenon.a(xe.o)
                0x000000008000f628                Xe_pSetEDRAMLayout
 .text.TEXTURE_FETCH
                0x000000008000f6a0      0x104 /usr/local/xenon/usr/lib/libxenon.a(xe.o)
                0x000000008000f6a0                TEXTURE_FETCH
 .text.Xe_pLoadShader
                0x000000008000f7a4       0x40 /usr/local/xenon/usr/lib/libxenon.a(xe.o)
                0x000000008000f7a4                Xe_pLoadShader
 .text.Xe_pAlign
                0x000000008000f7e4       0x30 /usr/local/xenon/usr/lib/libxenon.a(xe.o)
                0x000000008000f7e4                Xe_pAlign
 .text.Xe_pBlockUntilIdle
                0x000000008000f814        0xc /usr/local/xenon/usr/lib/libxenon.a(xe.o)
                0x000000008000f814                Xe_pBlockUntilIdle
 .text.Xe_pStuff
                0x000000008000f820       0x88 /usr/local/xenon/usr/lib/libxenon.a(xe.o)
                0x000000008000f820                Xe_pStuff
 .text.Xe_Fatal
                0x000000008000f8a8       0x94 /usr/local/xenon/usr/lib/libxenon.a(xe.o)
                0x000000008000f8a8                Xe_Fatal
 .text.Xe_pLock
                0x000000008000f93c       0x88 /usr/local/xenon/usr/lib/libxenon.a(xe.o)
                0x000000008000f93c                Xe_pLock
 .text.Xe_pUnlock
                0x000000008000f9c4       0x74 /usr/local/xenon/usr/lib/libxenon.a(xe.o)
                0x000000008000f9c4                Xe_pUnlock
 .text.Xe_pVBFNrComponents
                0x000000008000fa38       0x6c /usr/local/xenon/usr/lib/libxenon.a(xe.o)
                0x000000008000fa38                Xe_pVBFNrComponents
 .text.Xe_VBFCalcSize
                0x000000008000faa4       0x78 /usr/local/xenon/usr/lib/libxenon.a(xe.o)
                0x000000008000faa4                Xe_VBFCalcSize
 .text.Xe_VBFCalcStride
                0x000000008000fb1c       0x5c /usr/local/xenon/usr/lib/libxenon.a(xe.o)
                0x000000008000fb1c                Xe_VBFCalcStride
 .text.Xe_ShaderApplyVFetchPatches
                0x000000008000fb78      0x298 /usr/local/xenon/usr/lib/libxenon.a(xe.o)
                0x000000008000fb78                Xe_ShaderApplyVFetchPatches
 .text.Xe_LoadShaderFromMemory
                0x000000008000fe10       0x78 /usr/local/xenon/usr/lib/libxenon.a(xe.o)
                0x000000008000fe10                Xe_LoadShaderFromMemory
 .text.Xe_pWaitReady
                0x000000008000fe88       0x50 /usr/local/xenon/usr/lib/libxenon.a(xe.o)
                0x000000008000fe88                Xe_pWaitReady
 .text.Xe_pResetCP
                0x000000008000fed8      0x124 /usr/local/xenon/usr/lib/libxenon.a(xe.o)
                0x000000008000fed8                Xe_pResetCP
 .text.Xe_pLoadUcodes
                0x000000008000fffc       0xfc /usr/local/xenon/usr/lib/libxenon.a(xe.o)
                0x000000008000fffc                Xe_pLoadUcodes
 .text.Xe_pSetup
                0x00000000800100f8       0xd8 /usr/local/xenon/usr/lib/libxenon.a(xe.o)
                0x00000000800100f8                Xe_pSetup
 .text.Xe_pMasterInit
                0x00000000800101d0       0xcc /usr/local/xenon/usr/lib/libxenon.a(xe.o)
                0x00000000800101d0                Xe_pMasterInit
 .text.Xe_pRBKick
                0x000000008001029c       0x94 /usr/local/xenon/usr/lib/libxenon.a(xe.o)
                0x000000008001029c                Xe_pRBKick
 .text.Xe_pAlloc
                0x0000000080010330       0x6c /usr/local/xenon/usr/lib/libxenon.a(xe.o)
                0x0000000080010330                Xe_pAlloc
 .text.Xe_InstantiateShader
                0x000000008001039c       0xcc /usr/local/xenon/usr/lib/libxenon.a(xe.o)
                0x000000008001039c                Xe_InstantiateShader
 .text.Xe_pRBAlloc
                0x0000000080010468       0x54 /usr/local/xenon/usr/lib/libxenon.a(xe.o)
                0x0000000080010468                Xe_pRBAlloc
 .text.Xe_Init  0x00000000800104bc      0x134 /usr/local/xenon/usr/lib/libxenon.a(xe.o)
                0x00000000800104bc                Xe_Init
 .text.Xe_GetFramebufferSurface
                0x00000000800105f0        0x8 /usr/local/xenon/usr/lib/libxenon.a(xe.o)
                0x00000000800105f0                Xe_GetFramebufferSurface
 .text.Xe_Execute
                0x00000000800105f8       0x34 /usr/local/xenon/usr/lib/libxenon.a(xe.o)
                0x00000000800105f8                Xe_Execute
 .text.Xe_pDebugSync
                0x000000008001062c       0x98 /usr/local/xenon/usr/lib/libxenon.a(xe.o)
                0x000000008001062c                Xe_pDebugSync
 .text.Xe_pUploadALUConstants
                0x00000000800106c4      0x104 /usr/local/xenon/usr/lib/libxenon.a(xe.o)
                0x00000000800106c4                Xe_pUploadALUConstants
 .text.Xe_pUploadFetchConstants
                0x00000000800107c8      0x10c /usr/local/xenon/usr/lib/libxenon.a(xe.o)
                0x00000000800107c8                Xe_pUploadFetchConstants
 .text.Xe_pUploadClipPlane
                0x00000000800108d4       0x64 /usr/local/xenon/usr/lib/libxenon.a(xe.o)
                0x00000000800108d4                Xe_pUploadClipPlane
 .text.Xe_pUploadIntegerConstants
                0x0000000080010938       0x64 /usr/local/xenon/usr/lib/libxenon.a(xe.o)
                0x0000000080010938                Xe_pUploadIntegerConstants
 .text.Xe_pUploadControl
                0x000000008001099c       0x64 /usr/local/xenon/usr/lib/libxenon.a(xe.o)
                0x000000008001099c                Xe_pUploadControl
 .text.Xe_pUploadShader
                0x0000000080010a00       0xf0 /usr/local/xenon/usr/lib/libxenon.a(xe.o)
                0x0000000080010a00                Xe_pUploadShader
 .text.Xe_pInitControl
                0x0000000080010af0       0x90 /usr/local/xenon/usr/lib/libxenon.a(xe.o)
                0x0000000080010af0                Xe_pInitControl
 .text.Xe_SetSrcBlend
                0x0000000080010b80       0x60 /usr/local/xenon/usr/lib/libxenon.a(xe.o)
                0x0000000080010b80                Xe_SetSrcBlend
 .text.Xe_SetDestBlend
                0x0000000080010be0       0x68 /usr/local/xenon/usr/lib/libxenon.a(xe.o)
                0x0000000080010be0                Xe_SetDestBlend
 .text.Xe_SetBlendOp
                0x0000000080010c48       0x68 /usr/local/xenon/usr/lib/libxenon.a(xe.o)
                0x0000000080010c48                Xe_SetBlendOp
 .text.Xe_SetCullMode
                0x0000000080010cb0       0x60 /usr/local/xenon/usr/lib/libxenon.a(xe.o)
                0x0000000080010cb0                Xe_SetCullMode
 .text.Xe_InvalidateState
                0x0000000080010d10       0x14 /usr/local/xenon/usr/lib/libxenon.a(xe.o)
                0x0000000080010d10                Xe_InvalidateState
 .text.Xe_SetShader
                0x0000000080010d24       0xa8 /usr/local/xenon/usr/lib/libxenon.a(xe.o)
                0x0000000080010d24                Xe_SetShader
 .text.Xe_pSetState
                0x0000000080010dcc      0x338 /usr/local/xenon/usr/lib/libxenon.a(xe.o)
                0x0000000080010dcc                Xe_pSetState
 .text.Xe_SetTexture
                0x0000000080011104       0xb0 /usr/local/xenon/usr/lib/libxenon.a(xe.o)
                0x0000000080011104                Xe_SetTexture
 .text.Xe_SetClearColor
                0x00000000800111b4        0x8 /usr/local/xenon/usr/lib/libxenon.a(xe.o)
                0x00000000800111b4                Xe_SetClearColor
 .text.Xe_CreateVertexBuffer
                0x00000000800111bc       0x84 /usr/local/xenon/usr/lib/libxenon.a(xe.o)
                0x00000000800111bc                Xe_CreateVertexBuffer
 .text.Xe_VBPoolAlloc
                0x0000000080011240       0x48 /usr/local/xenon/usr/lib/libxenon.a(xe.o)
                0x0000000080011240                Xe_VBPoolAlloc
 .text.Xe_VBPoolAdd
                0x0000000080011288       0x24 /usr/local/xenon/usr/lib/libxenon.a(xe.o)
                0x0000000080011288                Xe_VBPoolAdd
 .text.Xe_VBReclaim
                0x00000000800112ac       0x30 /usr/local/xenon/usr/lib/libxenon.a(xe.o)
                0x00000000800112ac                Xe_VBReclaim
 .text.Xe_Sync  0x00000000800112dc       0x34 /usr/local/xenon/usr/lib/libxenon.a(xe.o)
                0x00000000800112dc                Xe_Sync
 .text.Xe_VBBegin
                0x0000000080011310       0x4c /usr/local/xenon/usr/lib/libxenon.a(xe.o)
                0x0000000080011310                Xe_VBBegin
 .text.Xe_VBPut
                0x000000008001135c      0x10c /usr/local/xenon/usr/lib/libxenon.a(xe.o)
                0x000000008001135c                Xe_VBPut
 .text.Xe_VBEnd
                0x0000000080011468       0x70 /usr/local/xenon/usr/lib/libxenon.a(xe.o)
                0x0000000080011468                Xe_VBEnd
 .text.Xe_ResolveInto
                0x00000000800114d8      0x7c0 /usr/local/xenon/usr/lib/libxenon.a(xe.o)
                0x00000000800114d8                Xe_ResolveInto
 .text.Xe_Resolve
                0x0000000080011c98       0x10 /usr/local/xenon/usr/lib/libxenon.a(xe.o)
                0x0000000080011c98                Xe_Resolve
 .text.Xe_pCalcVtxCount
                0x0000000080011ca8       0x78 /usr/local/xenon/usr/lib/libxenon.a(xe.o)
                0x0000000080011ca8                Xe_pCalcVtxCount
 .text.Xe_DrawPrimitive
                0x0000000080011d20       0xfc /usr/local/xenon/usr/lib/libxenon.a(xe.o)
                0x0000000080011d20                Xe_DrawPrimitive
 .text.Xe_SetStreamSource
                0x0000000080011e1c       0x78 /usr/local/xenon/usr/lib/libxenon.a(xe.o)
                0x0000000080011e1c                Xe_SetStreamSource
 .text.Xe_SetVertexShaderConstantF
                0x0000000080011e94       0x5c /usr/local/xenon/usr/lib/libxenon.a(xe.o)
                0x0000000080011e94                Xe_SetVertexShaderConstantF
 .text.Xe_CreateTexture
                0x0000000080011ef0       0xf4 /usr/local/xenon/usr/lib/libxenon.a(xe.o)
                0x0000000080011ef0                Xe_CreateTexture
 .text.Xe_Surface_LockRect
                0x0000000080011fe4       0x80 /usr/local/xenon/usr/lib/libxenon.a(xe.o)
                0x0000000080011fe4                Xe_Surface_LockRect
 .text.Xe_Surface_Unlock
                0x0000000080012064        0x8 /usr/local/xenon/usr/lib/libxenon.a(xe.o)
                0x0000000080012064                Xe_Surface_Unlock
 .text.xenos_write32
                0x000000008001206c       0x24 /usr/local/xenon/usr/lib/libxenon.a(xenos.o)
                0x000000008001206c                xenos_write32
 .text.xenos_read32
                0x0000000080012090       0x24 /usr/local/xenon/usr/lib/libxenon.a(xenos.o)
                0x0000000080012090                xenos_read32
 .text.xenos_ana_write
                0x00000000800120b4       0x60 /usr/local/xenon/usr/lib/libxenon.a(xenos.o)
 .text.xenos_init_ana_new
                0x0000000080012114      0x334 /usr/local/xenon/usr/lib/libxenon.a(xenos.o)
                0x0000000080012114                xenos_init_ana_new
 .text.xenos_init_phase0
                0x0000000080012448       0x98 /usr/local/xenon/usr/lib/libxenon.a(xenos.o)
                0x0000000080012448                xenos_init_phase0
 .text.xenos_init_phase1
                0x00000000800124e0      0x3b0 /usr/local/xenon/usr/lib/libxenon.a(xenos.o)
                0x00000000800124e0                xenos_init_phase1
 .text.xenos_ana_preinit
                0x0000000080012890       0xd0 /usr/local/xenon/usr/lib/libxenon.a(xenos.o)
                0x0000000080012890                xenos_ana_preinit
 .text.xenos_set_mode_f1
                0x0000000080012960      0x148 /usr/local/xenon/usr/lib/libxenon.a(xenos.o)
                0x0000000080012960                xenos_set_mode_f1
 .text.xenos_set_mode_f2
                0x0000000080012aa8      0x304 /usr/local/xenon/usr/lib/libxenon.a(xenos.o)
                0x0000000080012aa8                xenos_set_mode_f2
 .text.xenos_set_mode
                0x0000000080012dac      0x348 /usr/local/xenon/usr/lib/libxenon.a(xenos.o)
                0x0000000080012dac                xenos_set_mode
 .text.xenos_autoset_mode
                0x00000000800130f4       0xf8 /usr/local/xenon/usr/lib/libxenon.a(xenos.o)
                0x00000000800130f4                xenos_autoset_mode
 .text.xenos_init
                0x00000000800131ec       0xac /usr/local/xenon/usr/lib/libxenon.a(xenos.o)
                0x00000000800131ec                xenos_init
 .text.determine_filesystem
                0x0000000080013298       0x78 /usr/local/xenon/usr/lib/libxenon.a(diskio.o)
                0x0000000080013298                determine_filesystem
 .text.register_bdev
                0x0000000080013310       0xd0 /usr/local/xenon/usr/lib/libxenon.a(diskio.o)
                0x0000000080013310                register_bdev
 .text._fat_umount
                0x00000000800133e0       0x28 /usr/local/xenon/usr/lib/libxenon.a(fat.o)
                0x00000000800133e0                _fat_umount
 .text._fat_mount
                0x0000000080013408       0x38 /usr/local/xenon/usr/lib/libxenon.a(fat.o)
                0x0000000080013408                _fat_mount
 .text._fat_opendir
                0x0000000080013440       0x68 /usr/local/xenon/usr/lib/libxenon.a(fat.o)
                0x0000000080013440                _fat_opendir
 .text._fat_open
                0x00000000800134a8       0x44 /usr/local/xenon/usr/lib/libxenon.a(fat.o)
                0x00000000800134a8                _fat_open
 .text._fat_readdir
                0x00000000800134ec       0x8c /usr/local/xenon/usr/lib/libxenon.a(fat.o)
                0x00000000800134ec                _fat_readdir
 .text._fat_closedir
                0x0000000080013578       0x30 /usr/local/xenon/usr/lib/libxenon.a(fat.o)
                0x0000000080013578                _fat_closedir
 .text._fat_close
                0x00000000800135a8       0x24 /usr/local/xenon/usr/lib/libxenon.a(fat.o)
                0x00000000800135a8                _fat_close
 .text._fat_fstat
                0x00000000800135cc       0x44 /usr/local/xenon/usr/lib/libxenon.a(fat.o)
                0x00000000800135cc                _fat_fstat
 .text._fat_write
                0x0000000080013610       0x24 /usr/local/xenon/usr/lib/libxenon.a(fat.o)
                0x0000000080013610                _fat_write
 .text._fat_read
                0x0000000080013634       0x24 /usr/local/xenon/usr/lib/libxenon.a(fat.o)
                0x0000000080013634                _fat_read
 .text._fat_lseek
                0x0000000080013658       0x24 /usr/local/xenon/usr/lib/libxenon.a(fat.o)
                0x0000000080013658                _fat_lseek
 .text.fat_time
                0x000000008001367c      0x11c /usr/local/xenon/usr/lib/libxenon.a(fat_rb.o)
 .text.flush_fat_sector
                0x0000000080013798       0xe8 /usr/local/xenon/usr/lib/libxenon.a(fat_rb.o)
 .text.cache_fat_sector
                0x0000000080013880      0x128 /usr/local/xenon/usr/lib/libxenon.a(fat_rb.o)
 .text.get_next_cluster
                0x00000000800139a8       0xe0 /usr/local/xenon/usr/lib/libxenon.a(fat_rb.o)
 .text.find_free_cluster
                0x0000000080013a88      0x178 /usr/local/xenon/usr/lib/libxenon.a(fat_rb.o)
 .text.update_fat_entry
                0x0000000080013c00      0x1f0 /usr/local/xenon/usr/lib/libxenon.a(fat_rb.o)
 .text.transfer
                0x0000000080013df0      0x134 /usr/local/xenon/usr/lib/libxenon.a(fat_rb.o)
 .text.randomize_dos_name
                0x0000000080013f24      0x14c /usr/local/xenon/usr/lib/libxenon.a(fat_rb.o)
 .text.cluster2sec
                0x0000000080014070       0x60 /usr/local/xenon/usr/lib/libxenon.a(fat_rb.o)
 .text.update_fsinfo.part.1
                0x00000000800140d0       0xcc /usr/local/xenon/usr/lib/libxenon.a(fat_rb.o)
 .text.flush_fat
                0x000000008001419c       0xbc /usr/local/xenon/usr/lib/libxenon.a(fat_rb.o)
 .text.fat_init
                0x0000000080014258       0x84 /usr/local/xenon/usr/lib/libxenon.a(fat_rb.o)
                0x0000000080014258                fat_init
 .text.fat_unmount
                0x00000000800142dc       0xac /usr/local/xenon/usr/lib/libxenon.a(fat_rb.o)
                0x00000000800142dc                fat_unmount
 .text.fat_recalc_free
                0x0000000080014388      0x15c /usr/local/xenon/usr/lib/libxenon.a(fat_rb.o)
                0x0000000080014388                fat_recalc_free
 .text.fat_mount
                0x00000000800144e4      0x4a4 /usr/local/xenon/usr/lib/libxenon.a(fat_rb.o)
                0x00000000800144e4                fat_mount
 .text.fat_open
                0x0000000080014988       0x7c /usr/local/xenon/usr/lib/libxenon.a(fat_rb.o)
                0x0000000080014988                fat_open
 .text.fat_truncate
                0x0000000080014a04       0x94 /usr/local/xenon/usr/lib/libxenon.a(fat_rb.o)
                0x0000000080014a04                fat_truncate
 .text.fat_readwrite
                0x0000000080014a98      0x304 /usr/local/xenon/usr/lib/libxenon.a(fat_rb.o)
                0x0000000080014a98                fat_readwrite
 .text.fat_seek
                0x0000000080014d9c      0x110 /usr/local/xenon/usr/lib/libxenon.a(fat_rb.o)
                0x0000000080014d9c                fat_seek
 .text.write_long_name
                0x0000000080014eac      0x498 /usr/local/xenon/usr/lib/libxenon.a(fat_rb.o)
 .text.add_dir_entry
                0x0000000080015344      0x51c /usr/local/xenon/usr/lib/libxenon.a(fat_rb.o)
 .text.fat_create_file
                0x0000000080015860       0x58 /usr/local/xenon/usr/lib/libxenon.a(fat_rb.o)
                0x0000000080015860                fat_create_file
 .text.update_short_entry
                0x00000000800158b8      0x1d4 /usr/local/xenon/usr/lib/libxenon.a(fat_rb.o)
 .text.fat_closewrite
                0x0000000080015a8c       0x98 /usr/local/xenon/usr/lib/libxenon.a(fat_rb.o)
                0x0000000080015a8c                fat_closewrite
 .text.fat_opendir
                0x0000000080015b24       0x98 /usr/local/xenon/usr/lib/libxenon.a(fat_rb.o)
                0x0000000080015b24                fat_opendir
 .text.fat_getnext
                0x0000000080015bbc      0x434 /usr/local/xenon/usr/lib/libxenon.a(fat_rb.o)
                0x0000000080015bbc                fat_getnext
 .text.flush_cache
                0x0000000080015ff0       0xb4 /usr/local/xenon/usr/lib/libxenon.a(file_rb.o)
 .text.readwrite
                0x00000000800160a4      0x404 /usr/local/xenon/usr/lib/libxenon.a(file_rb.o)
 .text.rb_ftruncate
                0x00000000800164a8       0xa4 /usr/local/xenon/usr/lib/libxenon.a(file_rb.o)
                0x00000000800164a8                rb_ftruncate
 .text.rb_fsync
                0x000000008001654c      0x114 /usr/local/xenon/usr/lib/libxenon.a(file_rb.o)
                0x000000008001654c                rb_fsync
 .text.rb_close
                0x0000000080016660       0x98 /usr/local/xenon/usr/lib/libxenon.a(file_rb.o)
                0x0000000080016660                rb_close
 .text.rb_write
                0x00000000800166f8       0x5c /usr/local/xenon/usr/lib/libxenon.a(file_rb.o)
                0x00000000800166f8                rb_write
 .text.rb_read  0x0000000080016754        0x8 /usr/local/xenon/usr/lib/libxenon.a(file_rb.o)
                0x0000000080016754                rb_read
 .text.rb_lseek
                0x000000008001675c      0x1b0 /usr/local/xenon/usr/lib/libxenon.a(file_rb.o)
                0x000000008001675c                rb_lseek
 .text.open_internal.isra.1
                0x000000008001690c      0x374 /usr/local/xenon/usr/lib/libxenon.a(file_rb.o)
 .text.rb_open  0x0000000080016c80        0x4 /usr/local/xenon/usr/lib/libxenon.a(file_rb.o)
                0x0000000080016c80                rb_open
 .text.rb_filesize
                0x0000000080016c84       0x64 /usr/local/xenon/usr/lib/libxenon.a(file_rb.o)
                0x0000000080016c84                rb_filesize
 .text.rb_opendir
                0x0000000080016ce8      0x190 /usr/local/xenon/usr/lib/libxenon.a(dir_rb.o)
                0x0000000080016ce8                rb_opendir
 .text.rb_closedir
                0x0000000080016e78       0x10 /usr/local/xenon/usr/lib/libxenon.a(dir_rb.o)
                0x0000000080016e78                rb_closedir
 .text.rb_readdir
                0x0000000080016e88       0x90 /usr/local/xenon/usr/lib/libxenon.a(dir_rb.o)
                0x0000000080016e88                rb_readdir
 .text.iso_733  0x0000000080016f18       0x2c /usr/local/xenon/usr/lib/libxenon.a(iso9660.o)
 .text._iso9660_lseek
                0x0000000080016f44       0x98 /usr/local/xenon/usr/lib/libxenon.a(iso9660.o)
                0x0000000080016f44                _iso9660_lseek
 .text._iso9660_fstat
                0x0000000080016fdc       0x5c /usr/local/xenon/usr/lib/libxenon.a(iso9660.o)
                0x0000000080016fdc                _iso9660_fstat
 .text._iso9660_close
                0x0000000080017038       0x24 /usr/local/xenon/usr/lib/libxenon.a(iso9660.o)
                0x0000000080017038                _iso9660_close
 .text._iso9660_closedir
                0x000000008001705c       0x28 /usr/local/xenon/usr/lib/libxenon.a(iso9660.o)
                0x000000008001705c                _iso9660_closedir
 .text.bclear_cache
                0x0000000080017084       0x58 /usr/local/xenon/usr/lib/libxenon.a(iso9660.o)
 .text.bgrad_cache.part.0
                0x00000000800170dc       0x38 /usr/local/xenon/usr/lib/libxenon.a(iso9660.o)
 .text.iso_reset
                0x0000000080017114       0x84 /usr/local/xenon/usr/lib/libxenon.a(iso9660.o)
                0x0000000080017114                iso_reset
 .text.init_percd
                0x0000000080017198      0x1a8 /usr/local/xenon/usr/lib/libxenon.a(iso9660.o)
 .text.bread_cache
                0x0000000080017340      0x12c /usr/local/xenon/usr/lib/libxenon.a(iso9660.o)
 .text.find_object
                0x000000008001746c      0x364 /usr/local/xenon/usr/lib/libxenon.a(iso9660.o)
 .text._iso9660_readdir
                0x00000000800177d0      0x3e0 /usr/local/xenon/usr/lib/libxenon.a(iso9660.o)
                0x00000000800177d0                _iso9660_readdir
 .text._iso9660_read
                0x0000000080017bb0      0x170 /usr/local/xenon/usr/lib/libxenon.a(iso9660.o)
                0x0000000080017bb0                _iso9660_read
 .text.iso_open
                0x0000000080017d20      0x1ac /usr/local/xenon/usr/lib/libxenon.a(iso9660.o)
 .text._iso9660_opendir
                0x0000000080017ecc       0x48 /usr/local/xenon/usr/lib/libxenon.a(iso9660.o)
                0x0000000080017ecc                _iso9660_opendir
 .text._iso9660_open
                0x0000000080017f14       0x48 /usr/local/xenon/usr/lib/libxenon.a(iso9660.o)
                0x0000000080017f14                _iso9660_open
 .text.fs_iso9660_init
                0x0000000080017f5c       0xbc /usr/local/xenon/usr/lib/libxenon.a(iso9660.o)
                0x0000000080017f5c                fs_iso9660_init
 .text._iso9660_mount
                0x0000000080018018        0xc /usr/local/xenon/usr/lib/libxenon.a(iso9660.o)
                0x0000000080018018                _iso9660_mount
 .text.fs_iso9660_shutdown
                0x0000000080018024       0x88 /usr/local/xenon/usr/lib/libxenon.a(iso9660.o)
                0x0000000080018024                fs_iso9660_shutdown
 .text._iso9660_umount
                0x00000000800180ac        0x4 /usr/local/xenon/usr/lib/libxenon.a(iso9660.o)
                0x00000000800180ac                _iso9660_umount
 .text.kmeminit
                0x00000000800180b0       0x38 /usr/local/xenon/usr/lib/libxenon.a(lib_malloc.o)
                0x00000000800180b0                kmeminit
 .text.kfree    0x00000000800180e8       0xb8 /usr/local/xenon/usr/lib/libxenon.a(lib_malloc.o)
                0x00000000800180e8                kfree
 .text.lib_outofmemory
                0x00000000800181a0       0x28 /usr/local/xenon/usr/lib/libxenon.a(lib_malloc.o)
                0x00000000800181a0                lib_outofmemory
 .text.kmalloc  0x00000000800181c8      0x138 /usr/local/xenon/usr/lib/libxenon.a(lib_malloc.o)
                0x00000000800181c8                kmalloc
 .text.kmem_init
                0x0000000080018300       0x64 /usr/local/xenon/usr/lib/libxenon.a(lib_malloc.o)
                0x0000000080018300                kmem_init
 .text.read32   0x0000000080018364        0x8 /usr/local/xenon/usr/lib/libxenon.a(io.o)
                0x0000000080018364                read32
 .text.read32n  0x000000008001836c        0x8 /usr/local/xenon/usr/lib/libxenon.a(io.o)
                0x000000008001836c                read32n
 .text.write32  0x0000000080018374        0x8 /usr/local/xenon/usr/lib/libxenon.a(io.o)
                0x0000000080018374                write32
 .text.write32n
                0x000000008001837c        0x8 /usr/local/xenon/usr/lib/libxenon.a(io.o)
                0x000000008001837c                write32n
 .text.__pswap32
                0x0000000080018384       0x14 /usr/local/xenon/usr/lib/libxenon.a(ohci.o)
 .text.phys_read32
                0x0000000080018398        0x8 /usr/local/xenon/usr/lib/libxenon.a(ohci.o)
 .text._ohci_allocept
                0x00000000800183a0       0x64 /usr/local/xenon/usr/lib/libxenon.a(ohci.o)
 .text._ohci_allocxfer
                0x0000000080018404       0x5c /usr/local/xenon/usr/lib/libxenon.a(ohci.o)
 .text.ohci_stop
                0x0000000080018460       0x30 /usr/local/xenon/usr/lib/libxenon.a(ohci.o)
 .text.ohci_delete
                0x0000000080018490        0x4 /usr/local/xenon/usr/lib/libxenon.a(ohci.o)
 .text.ohci_ept_cleartoggle
                0x0000000080018494       0x64 /usr/local/xenon/usr/lib/libxenon.a(ohci.o)
 .text.ohci_ept_setaddr
                0x00000000800184f8       0x38 /usr/local/xenon/usr/lib/libxenon.a(ohci.o)
 .text.ohci_ept_setmps
                0x0000000080018530       0x44 /usr/local/xenon/usr/lib/libxenon.a(ohci.o)
 .text._ohci_queueept
                0x0000000080018574       0x5c /usr/local/xenon/usr/lib/libxenon.a(ohci.o)
 .text.ohci_ept_create
                0x00000000800185d0      0x148 /usr/local/xenon/usr/lib/libxenon.a(ohci.o)
 .text.ohci_ept_delete
                0x0000000080018718      0x1fc /usr/local/xenon/usr/lib/libxenon.a(ohci.o)
 .text.ohci_start
                0x0000000080018914      0x198 /usr/local/xenon/usr/lib/libxenon.a(ohci.o)
 .text.ohci_roothub_strdscr
                0x0000000080018aac       0x6c /usr/local/xenon/usr/lib/libxenon.a(ohci.o)
 .text.ohci_intr
                0x0000000080018b18      0x208 /usr/local/xenon/usr/lib/libxenon.a(ohci.o)
 .text._ohci_dma_alloc
                0x0000000080018d20       0x50 /usr/local/xenon/usr/lib/libxenon.a(ohci.o)
 .text.ohci_create
                0x0000000080018d70      0x2a8 /usr/local/xenon/usr/lib/libxenon.a(ohci.o)
 .text.ohci_xfer
                0x0000000080019018      0x7b4 /usr/local/xenon/usr/lib/libxenon.a(ohci.o)
 .text.usb_create_pipe
                0x00000000800197cc       0xd8 /usr/local/xenon/usr/lib/libxenon.a(usbd.o)
                0x00000000800197cc                usb_create_pipe
 .text.usb_open_pipe
                0x00000000800198a4       0x84 /usr/local/xenon/usr/lib/libxenon.a(usbd.o)
                0x00000000800198a4                usb_open_pipe
 .text.usb_destroy_all_pipes
                0x0000000080019928       0x74 /usr/local/xenon/usr/lib/libxenon.a(usbd.o)
                0x0000000080019928                usb_destroy_all_pipes
 .text.usb_destroy_device
                0x000000008001999c       0x4c /usr/local/xenon/usr/lib/libxenon.a(usbd.o)
                0x000000008001999c                usb_destroy_device
 .text.usb_create_device
                0x00000000800199e8       0x78 /usr/local/xenon/usr/lib/libxenon.a(usbd.o)
                0x00000000800199e8                usb_create_device
 .text.usb_make_request
                0x0000000080019a60       0x8c /usr/local/xenon/usr/lib/libxenon.a(usbd.o)
                0x0000000080019a60                usb_make_request
 .text.usb_poll
                0x0000000080019aec       0x2c /usr/local/xenon/usr/lib/libxenon.a(usbd.o)
                0x0000000080019aec                usb_poll
 .text.usb_daemon
                0x0000000080019b18       0x38 /usr/local/xenon/usr/lib/libxenon.a(usbd.o)
                0x0000000080019b18                usb_daemon
 .text.usb_free_request
                0x0000000080019b50       0x48 /usr/local/xenon/usr/lib/libxenon.a(usbd.o)
                0x0000000080019b50                usb_free_request
 .text.usb_delay_ms
                0x0000000080019b98       0x28 /usr/local/xenon/usr/lib/libxenon.a(usbd.o)
                0x0000000080019b98                usb_delay_ms
 .text.usb_queue_request
                0x0000000080019bc0       0x50 /usr/local/xenon/usr/lib/libxenon.a(usbd.o)
                0x0000000080019bc0                usb_queue_request
 .text.usb_wait_request
                0x0000000080019c10       0x40 /usr/local/xenon/usr/lib/libxenon.a(usbd.o)
                0x0000000080019c10                usb_wait_request
 .text.usb_sync_request
                0x0000000080019c50       0x34 /usr/local/xenon/usr/lib/libxenon.a(usbd.o)
                0x0000000080019c50                usb_sync_request
 .text.usb_new_address
                0x0000000080019c84       0x30 /usr/local/xenon/usr/lib/libxenon.a(usbd.o)
                0x0000000080019c84                usb_new_address
 .text.usb_set_ep0mps
                0x0000000080019cb4       0x60 /usr/local/xenon/usr/lib/libxenon.a(usbd.o)
                0x0000000080019cb4                usb_set_ep0mps
 .text.usb_clear_stall
                0x0000000080019d14      0x100 /usr/local/xenon/usr/lib/libxenon.a(usbd.o)
                0x0000000080019d14                usb_clear_stall
 .text.usb_std_request
                0x0000000080019e14      0x234 /usr/local/xenon/usr/lib/libxenon.a(usbd.o)
                0x0000000080019e14                usb_std_request
 .text.usb_simple_request
                0x000000008001a048       0x18 /usr/local/xenon/usr/lib/libxenon.a(usbd.o)
                0x000000008001a048                usb_simple_request
 .text.usb_set_address
                0x000000008001a060       0x9c /usr/local/xenon/usr/lib/libxenon.a(usbd.o)
                0x000000008001a060                usb_set_address
 .text.usb_set_configuration
                0x000000008001a0fc       0x14 /usr/local/xenon/usr/lib/libxenon.a(usbd.o)
                0x000000008001a0fc                usb_set_configuration
 .text.usb_get_descriptor
                0x000000008001a110       0x24 /usr/local/xenon/usr/lib/libxenon.a(usbd.o)
                0x000000008001a110                usb_get_descriptor
 .text.usb_get_string
                0x000000008001a134      0x104 /usr/local/xenon/usr/lib/libxenon.a(usbd.o)
                0x000000008001a134                usb_get_string
 .text.usb_get_device_descriptor
                0x000000008001a238       0x90 /usr/local/xenon/usr/lib/libxenon.a(usbd.o)
                0x000000008001a238                usb_get_device_descriptor
 .text.usb_get_config_descriptor
                0x000000008001a2c8       0x8c /usr/local/xenon/usr/lib/libxenon.a(usbd.o)
                0x000000008001a2c8                usb_get_config_descriptor
 .text.usb_get_device_status
                0x000000008001a354       0x1c /usr/local/xenon/usr/lib/libxenon.a(usbd.o)
                0x000000008001a354                usb_get_device_status
 .text.usb_complete_request
                0x000000008001a370       0x3c /usr/local/xenon/usr/lib/libxenon.a(usbd.o)
                0x000000008001a370                usb_complete_request
 .text.usb_initroot
                0x000000008001a3ac      0x150 /usr/local/xenon/usr/lib/libxenon.a(usbd.o)
                0x000000008001a3ac                usb_initroot
 .text.usb_find_cfg_descr
                0x000000008001a4fc       0x54 /usr/local/xenon/usr/lib/libxenon.a(usbd.o)
                0x000000008001a4fc                usb_find_cfg_descr
 .text.usb_find_driver
                0x000000008001a550      0x104 /usr/local/xenon/usr/lib/libxenon.a(usbdevs.o)
                0x000000008001a550                usb_find_driver
 .text.usbhid_detach
                0x000000008001a654        0x8 /usr/local/xenon/usr/lib/libxenon.a(usbhid.o)
 .text.usbhid_attach
                0x000000008001a65c      0x164 /usr/local/xenon/usr/lib/libxenon.a(usbhid.o)
 .text.usbhid_kbd_scan1.isra.0.part.1
                0x000000008001a7c0       0x94 /usr/local/xenon/usr/lib/libxenon.a(usbhid.o)
 .text.usbhid_ireq_callback
                0x000000008001a854      0x18c /usr/local/xenon/usr/lib/libxenon.a(usbhid.o)
 .text.usbhub_markdetached1
                0x000000008001a9e0       0x14 /usr/local/xenon/usr/lib/libxenon.a(usbhub.o)
 .text.usbhub_get_port_status
                0x000000008001a9f4       0x38 /usr/local/xenon/usr/lib/libxenon.a(usbhub.o)
 .text.usbhub_ireq_callback
                0x000000008001aa2c       0x8c /usr/local/xenon/usr/lib/libxenon.a(usbhub.o)
 .text.usbhub_map_tree1
                0x000000008001aab8       0x7c /usr/local/xenon/usr/lib/libxenon.a(usbhub.o)
 .text.usbhub_detach
                0x000000008001ab34      0x13c /usr/local/xenon/usr/lib/libxenon.a(usbhub.o)
 .text.usbhub_attach
                0x000000008001ac70      0x1a4 /usr/local/xenon/usr/lib/libxenon.a(usbhub.o)
 .text.usbhub_map_tree
                0x000000008001ae14       0x18 /usr/local/xenon/usr/lib/libxenon.a(usbhub.o)
                0x000000008001ae14                usbhub_map_tree
 .text.usbhub_map_from_device
                0x000000008001ae2c       0x14 /usr/local/xenon/usr/lib/libxenon.a(usbhub.o)
                0x000000008001ae2c                usbhub_map_from_device
 .text.usbhub_scan1
                0x000000008001ae40      0x558 /usr/local/xenon/usr/lib/libxenon.a(usbhub.o)
 .text.usb_scan
                0x000000008001b398       0x10 /usr/local/xenon/usr/lib/libxenon.a(usbhub.o)
                0x000000008001b398                usb_scan
 .text.ehci_maligned
                0x000000008001b3a8       0x9c /usr/local/xenon/usr/lib/libxenon.a(usb_os.o)
                0x000000008001b3a8                ehci_maligned
 .text.ehci_virt_to_dma
                0x000000008001b444        0x8 /usr/local/xenon/usr/lib/libxenon.a(usb_os.o)
                0x000000008001b444                ehci_virt_to_dma
 .text.ehci_dma_map_to
                0x000000008001b44c       0x28 /usr/local/xenon/usr/lib/libxenon.a(usb_os.o)
                0x000000008001b44c                ehci_dma_map_to
 .text.ehci_dma_map_from
                0x000000008001b474       0x28 /usr/local/xenon/usr/lib/libxenon.a(usb_os.o)
                0x000000008001b474                ehci_dma_map_from
 .text.ehci_dma_map_bidir
                0x000000008001b49c       0x28 /usr/local/xenon/usr/lib/libxenon.a(usb_os.o)
                0x000000008001b49c                ehci_dma_map_bidir
 .text.ehci_dma_unmap_to
                0x000000008001b4c4       0x24 /usr/local/xenon/usr/lib/libxenon.a(usb_os.o)
                0x000000008001b4c4                ehci_dma_unmap_to
 .text.ehci_dma_unmap_from
                0x000000008001b4e8       0x24 /usr/local/xenon/usr/lib/libxenon.a(usb_os.o)
                0x000000008001b4e8                ehci_dma_unmap_from
 .text.ehci_dma_unmap_bidir
                0x000000008001b50c       0x24 /usr/local/xenon/usr/lib/libxenon.a(usb_os.o)
                0x000000008001b50c                ehci_dma_unmap_bidir
 .text.ehci_usleep
                0x000000008001b530       0x20 /usr/local/xenon/usr/lib/libxenon.a(usb_os.o)
                0x000000008001b530                ehci_usleep
 .text.ehci_msleep
                0x000000008001b550       0x20 /usr/local/xenon/usr/lib/libxenon.a(usb_os.o)
                0x000000008001b550                ehci_msleep
 .text.USB_Alloc
                0x000000008001b570       0x20 /usr/local/xenon/usr/lib/libxenon.a(usb_os.o)
                0x000000008001b570                USB_Alloc
 .text.USB_Free
                0x000000008001b590       0x20 /usr/local/xenon/usr/lib/libxenon.a(usb_os.o)
                0x000000008001b590                USB_Free
 .text.utf8encode
                0x000000008001b5b0       0x8c /usr/local/xenon/usr/lib/libxenon.a(unicode_rb.o)
                0x000000008001b5b0                utf8encode
 .text.utf8length
                0x000000008001b63c       0x30 /usr/local/xenon/usr/lib/libxenon.a(unicode_rb.o)
                0x000000008001b63c                utf8length
 .text.utf8decode
                0x000000008001b66c       0xd0 /usr/local/xenon/usr/lib/libxenon.a(unicode_rb.o)
                0x000000008001b66c                utf8decode
 .text.xenon_gpio_set_oe
                0x000000008001b73c       0x44 /usr/local/xenon/usr/lib/libxenon.a(xenon_gpio.o)
                0x000000008001b73c                xenon_gpio_set_oe
 .text.xenon_gpio_set
                0x000000008001b780       0x44 /usr/local/xenon/usr/lib/libxenon.a(xenon_gpio.o)
                0x000000008001b780                xenon_gpio_set
 .text.xenon_config_init
                0x000000008001b7c4       0xb0 /usr/local/xenon/usr/lib/libxenon.a(xenon_config.o)
                0x000000008001b7c4                xenon_config_init
 .text.xenon_config_get_avregion
                0x000000008001b874       0x94 /usr/local/xenon/usr/lib/libxenon.a(xenon_config.o)
                0x000000008001b874                xenon_config_get_avregion
 .text.storage_read_sectors
                0x000000008001b908      0x168 /usr/local/xenon/usr/lib/libxenon.a(disk_rb.o)
                0x000000008001b908                storage_read_sectors
 .text.disk_init
                0x000000008001ba70      0x12c /usr/local/xenon/usr/lib/libxenon.a(disk_rb.o)
                0x000000008001ba70                disk_init
 .text.disk_mount
                0x000000008001bb9c       0xfc /usr/local/xenon/usr/lib/libxenon.a(disk_rb.o)
                0x000000008001bb9c                disk_mount
 .text.storage_write_sectors
                0x000000008001bc98       0x6c /usr/local/xenon/usr/lib/libxenon.a(disk_rb.o)
                0x000000008001bc98                storage_write_sectors
 .text.q_enqueue
                0x000000008001bd04       0x18 /usr/local/xenon/usr/lib/libxenon.a(lib_queue.o)
                0x000000008001bd04                q_enqueue
 .text.q_deqnext
                0x000000008001bd1c       0x30 /usr/local/xenon/usr/lib/libxenon.a(lib_queue.o)
                0x000000008001bd1c                q_deqnext
 .text.usbctrl_detach
                0x000000008001bd4c       0x54 /usr/local/xenon/usr/lib/libxenon.a(usbctrl.o)
 .text.usbctrl_attach
                0x000000008001bda0      0x1a0 /usr/local/xenon/usr/lib/libxenon.a(usbctrl.o)
 .text.usbctrl_ireq_callback
                0x000000008001bf40      0x188 /usr/local/xenon/usr/lib/libxenon.a(usbctrl.o)
 .text.getstringmaybe
                0x000000008001c0c8       0x6c /usr/local/xenon/usr/lib/libxenon.a(usbdebug.o)
 .text.usb_dbg_dumpportstatus
                0x000000008001c134      0x25c /usr/local/xenon/usr/lib/libxenon.a(usbdebug.o)
                0x000000008001c134                usb_dbg_dumpportstatus
 .text.usb_dbg_dumpdescriptors
                0x000000008001c390      0x678 /usr/local/xenon/usr/lib/libxenon.a(usbdebug.o)
                0x000000008001c390                usb_dbg_dumpdescriptors
 .text.sfcx_read_page
                0x000000008001ca08      0x148 /usr/local/xenon/usr/lib/libxenon.a(xenon_sfcx.o)
                0x000000008001ca08                sfcx_read_page
 .text.sfcx_init
                0x000000008001cb50      0x270 /usr/local/xenon/usr/lib/libxenon.a(xenon_sfcx.o)
                0x000000008001cb50                sfcx_init
 .text          0x000000008001cdc0     0x40f8 /usr/local/xenon/usr/lib/libpng.a(libpng15_la-png.o)
                0x000000008001cdc0                png_set_sig_bytes
                0x000000008001ce48                png_sig_cmp
                0x000000008001cf30                png_zalloc
                0x000000008001d01c                png_zfree
                0x000000008001d05c                png_reset_crc
                0x000000008001d0ac                png_calculate_crc
                0x000000008001d184                png_create_info_struct
                0x000000008001d21c                png_destroy_info_struct
                0x000000008001d2d8                png_info_init_3
                0x000000008001d380                png_data_freer
                0x000000008001d450                png_free_data
                0x000000008001ddc4                png_info_destroy
                0x000000008001de6c                png_get_io_ptr
                0x000000008001deb0                png_init_io
                0x000000008001def8                png_convert_to_rfc1123
                0x000000008001e0c4                png_get_copyright
                0x000000008001e0f0                png_get_libpng_ver
                0x000000008001e130                png_get_header_ver
                0x000000008001e15c                png_get_header_version
                0x000000008001e188                png_handle_as_unknown
                0x000000008001e294                png_reset_zstream
                0x000000008001e2f0                png_access_version_number
                0x000000008001e314                png_check_cHRM_fixed
                0x000000008001e56c                png_check_IHDR
                0x000000008001e940                png_check_fp_number
                0x000000008001ec24                png_check_fp_string
                0x000000008001edf0                png_ascii_from_fp
                0x000000008001f7ac                png_ascii_from_fixed
                0x000000008001fa50                png_fixed
                0x000000008001fb34                png_muldiv
                0x000000008001fcb4                png_muldiv_warn
                0x000000008001fd34                png_reciprocal
                0x000000008001ff40                png_reciprocal2
                0x000000008002005c                png_64bit_product
                0x000000008002015c                png_gamma_8bit_correct
                0x0000000080020260                png_gamma_16bit_correct
                0x0000000080020368                png_gamma_correct
                0x00000000800203e0                png_gamma_significant
                0x0000000080020a78                png_build_gamma_table
 .text          0x0000000080020eb8      0x954 /usr/local/xenon/usr/lib/libpng.a(libpng15_la-pngerror.o)
                0x0000000080020eb8                png_error
                0x0000000080020f1c                png_warning
                0x000000008002102c                png_benign_error
                0x0000000080021380                png_chunk_error
                0x00000000800213d8                png_chunk_warning
                0x000000008002144c                png_chunk_benign_error
                0x00000000800214b0                png_fixed_error
                0x00000000800215a4                png_set_longjmp_fn
                0x0000000080021678                png_longjmp
                0x0000000080021758                png_set_error_fn
                0x00000000800217c8                png_get_error_ptr
 .text          0x000000008002180c      0x628 /usr/local/xenon/usr/lib/libpng.a(libpng15_la-pngmem.o)
                0x000000008002180c                png_create_struct
                0x0000000080021854                png_create_struct_2
                0x0000000080021970                png_destroy_struct
                0x00000000800219b0                png_destroy_struct_2
                0x0000000080021a38                png_calloc
                0x0000000080021ab0                png_malloc
                0x0000000080021b8c                png_malloc_default
                0x0000000080021bf8                png_free
                0x0000000080021c8c                png_free_default
                0x0000000080021ce8                png_malloc_warn
                0x0000000080021d88                png_set_mem_fn
                0x0000000080021df0                png_get_mem_ptr
 .text          0x0000000080021e34     0x31ac /usr/local/xenon/usr/lib/libpng.a(libpng15_la-pngread.o)
                0x0000000080021e34                png_create_read_struct
                0x0000000080021e98                png_create_read_struct_2
                0x00000000800223d4                png_read_info
                0x0000000080022d58                png_read_update_info
                0x0000000080022de0                png_start_read_image
                0x0000000080022e58                png_read_row
                0x0000000080023980                png_read_rows
                0x0000000080023b30                png_read_image
                0x0000000080023c9c                png_read_end
                0x0000000080024500                png_destroy_read_struct
                0x00000000800246a4                png_read_destroy
                0x0000000080024be0                png_set_read_status_fn
                0x0000000080024c28                png_read_png
 .text          0x0000000080024fe0      0x1dc /usr/local/xenon/usr/lib/libpng.a(libpng15_la-pngrio.o)
                0x0000000080024fe0                png_read_data
                0x000000008002505c                png_default_read_data
                0x00000000800250e8                png_set_read_fn
 .text          0x00000000800251bc     0xe87c /usr/local/xenon/usr/lib/libpng.a(libpng15_la-pngrtran.o)
                0x00000000800251bc                png_set_crc_action
                0x0000000080025414                png_set_background_fixed
                0x000000008002552c                png_set_background
                0x000000008002559c                png_set_strip_16
                0x000000008002560c                png_set_strip_alpha
                0x000000008002565c                png_set_quantize
                0x0000000080026b34                png_set_gamma_fixed
                0x0000000080026c08                png_set_gamma
                0x0000000080026c88                png_set_expand
                0x0000000080026cfc                png_set_palette_to_rgb
                0x0000000080026d70                png_set_expand_gray_1_2_4_to_8
                0x0000000080026de0                png_set_tRNS_to_alpha
                0x0000000080026e40                png_set_expand_16
                0x0000000080026ed4                png_set_gray_to_rgb
                0x0000000080026f54                png_set_rgb_to_gray_fixed
                0x000000008002715c                png_set_rgb_to_gray
                0x00000000800271f8                png_set_read_user_transform_fn
                0x000000008002725c                png_init_read_transformations
                0x000000008002900c                png_read_transform_info
                0x00000000800296c4                png_do_read_transformations
                0x000000008002a0d0                png_do_unpack
                0x000000008002a448                png_do_unshift
                0x000000008002aa48                png_do_chop
                0x000000008002ab74                png_do_read_swap_alpha
                0x000000008002b114                png_do_read_invert_alpha
                0x000000008002b4ac                png_do_read_filler
                0x000000008002c0e8                png_do_gray_to_rgb
                0x000000008002c7a4                png_do_rgb_to_gray
                0x000000008002dba4                png_build_grayscale_palette
                0x000000008002dd2c                png_do_background
                0x0000000080030ed8                png_do_gamma
                0x0000000080031bac                png_do_expand_palette
                0x0000000080032314                png_do_expand
                0x0000000080033144                png_do_expand_16
                0x0000000080033278                png_do_quantize
                0x0000000080033708                png_do_read_intrapixel
 .text          0x0000000080033a38     0x8480 /usr/local/xenon/usr/lib/libpng.a(libpng15_la-pngrutil.o)
                0x0000000080033a38                png_get_uint_31
                0x0000000080033bcc                png_get_uint_32
                0x0000000080033c5c                png_get_int_32
                0x0000000080033d10                png_get_uint_16
                0x0000000080033d6c                png_read_sig
                0x0000000080033ec4                png_read_chunk_header
                0x0000000080033f94                png_crc_read
                0x0000000080034000                png_crc_finish
                0x0000000080034174                png_crc_error
                0x0000000080034564                png_decompress_chunk
                0x00000000800348b4                png_handle_IHDR
                0x0000000080034ba8                png_handle_PLTE
                0x0000000080034ed0                png_handle_IEND
                0x0000000080034f8c                png_handle_gAMA
                0x00000000800351ec                png_handle_sBIT
                0x00000000800354b0                png_handle_cHRM
                0x0000000080035950                png_handle_sRGB
                0x0000000080035d3c                png_handle_iCCP
                0x0000000080036210                png_handle_sPLT
                0x00000000800368dc                png_handle_tRNS
                0x0000000080036ca8                png_handle_bKGD
                0x0000000080037120                png_handle_hIST
                0x0000000080037338                png_handle_pHYs
                0x0000000080037510                png_handle_oFFs
                0x0000000080037788                png_handle_pCAL
                0x0000000080037eec                png_handle_sCAL
                0x00000000800382f8                png_handle_tIME
                0x00000000800384a4                png_handle_tEXt
                0x0000000080038854                png_handle_zTXt
                0x0000000080038cc8                png_handle_iTXt
                0x00000000800392e8                png_handle_unknown
                0x0000000080039688                png_check_chunk_name
                0x000000008003987c                png_combine_row
                0x0000000080039fc0                png_do_read_interlace
                0x000000008003a9e0                png_read_filter_row
                0x000000008003af6c                png_read_finish_row
                0x000000008003b664                png_read_start_row
 .text          0x000000008003beb8     0x3254 /usr/local/xenon/usr/lib/libpng.a(libpng15_la-pngset.o)
                0x000000008003beb8                png_set_bKGD
                0x000000008003bf4c                png_set_cHRM_fixed
                0x000000008003c08c                png_set_cHRM
                0x000000008003c204                png_set_gAMA_fixed
                0x000000008003c2a8                png_set_gAMA
                0x000000008003c308                png_set_hIST
                0x000000008003c4c0                png_set_IHDR
                0x000000008003c7bc                png_set_oFFs
                0x000000008003c85c                png_set_pCAL
                0x000000008003cca0                png_set_sCAL_s
                0x000000008003cf74                png_set_sCAL
                0x000000008003d08c                png_set_sCAL_fixed
                0x000000008003d15c                png_set_pHYs
                0x000000008003d1fc                png_set_PLTE
                0x000000008003d390                png_set_sBIT
                0x000000008003d418                png_set_sRGB
                0x000000008003d490                png_set_sRGB_gAMA_and_cHRM
                0x000000008003d550                png_set_iCCP
                0x000000008003d72c                png_set_text
                0x000000008003d79c                png_set_text_2
                0x000000008003e038                png_set_tIME
                0x000000008003e0d8                png_set_tRNS
                0x000000008003e350                png_set_sPLT
                0x000000008003e6b0                png_set_unknown_chunks
                0x000000008003e9b0                png_set_unknown_chunk_location
                0x000000008003ea48                png_permit_mng_features
                0x000000008003eaac                png_set_keep_unknown_chunks
                0x000000008003ed64                png_set_read_user_chunk_fn
                0x000000008003edc0                png_set_rows
                0x000000008003ee90                png_set_compression_buffer_size
                0x000000008003ef58                png_set_invalid
                0x000000008003efbc                png_set_user_limits
                0x000000008003f018                png_set_chunk_cache_max
                0x000000008003f058                png_set_chunk_malloc_max
                0x000000008003f098                png_set_benign_errors
 .text          0x000000008003f10c     0x1328 /usr/local/xenon/usr/lib/libpng.a(libpng15_la-pngtrans.o)
                0x000000008003f10c                png_set_bgr
                0x000000008003f15c                png_set_swap
                0x000000008003f1c4                png_set_packing
                0x000000008003f23c                png_set_packswap
                0x000000008003f2a4                png_set_shift
                0x000000008003f318                png_set_interlace_handling
                0x000000008003f388                png_set_filler
                0x000000008003f4a8                png_set_add_alpha
                0x000000008003f520                png_set_swap_alpha
                0x000000008003f570                png_set_invert_alpha
                0x000000008003f5c0                png_set_invert_mono
                0x000000008003f610                png_do_invert
                0x000000008003f82c                png_do_swap
                0x000000008003f908                png_do_packswap
                0x000000008003fa30                png_do_strip_channel
                0x000000008003ff90                png_do_bgr
                0x00000000800402ec                png_set_user_transform_info
                0x0000000080040364                png_get_user_transform_ptr
                0x00000000800403a8                png_get_current_row_number
                0x00000000800403ec                png_get_current_pass_number
 .text          0x0000000080040434     0x270c /usr/local/xenon/usr/lib/libpng.a(libpng15_la-pngget.o)
                0x0000000080040434                png_get_valid
                0x0000000080040494                png_get_rowbytes
                0x00000000800404e8                png_get_rows
                0x000000008004053c                png_get_image_width
                0x0000000080040590                png_get_image_height
                0x00000000800405e4                png_get_bit_depth
                0x000000008004063c                png_get_color_type
                0x0000000080040694                png_get_filter_type
                0x00000000800406ec                png_get_interlace_type
                0x0000000080040744                png_get_compression_type
                0x000000008004079c                png_get_x_pixels_per_meter
                0x0000000080040820                png_get_y_pixels_per_meter
                0x00000000800408a4                png_get_pixels_per_meter
                0x0000000080040948                png_get_pixel_aspect_ratio
                0x0000000080040a4c                png_get_pixel_aspect_ratio_fixed
                0x0000000080040b54                png_get_x_offset_microns
                0x0000000080040bd8                png_get_y_offset_microns
                0x0000000080040c5c                png_get_x_offset_pixels
                0x0000000080040ce0                png_get_y_offset_pixels
                0x0000000080040dd8                png_get_pixels_per_inch
                0x0000000080040e2c                png_get_x_pixels_per_inch
                0x0000000080040e80                png_get_y_pixels_per_inch
                0x0000000080040f24                png_get_x_offset_inches_fixed
                0x0000000080040f7c                png_get_y_offset_inches_fixed
                0x0000000080040fd4                png_get_x_offset_inches
                0x0000000080041040                png_get_y_offset_inches
                0x00000000800410ac                png_get_pHYs_dpi
                0x0000000080041290                png_get_channels
                0x00000000800412e8                png_get_signature
                0x0000000080041338                png_get_bKGD
                0x00000000800413c0                png_get_cHRM
                0x000000008004165c                png_get_cHRM_fixed
                0x00000000800417f8                png_get_gAMA_fixed
                0x0000000080041888                png_get_gAMA
                0x000000008004191c                png_get_sRGB
                0x00000000800419b0                png_get_iCCP
                0x0000000080041ab0                png_get_sPLT
                0x0000000080041b2c                png_get_hIST
                0x0000000080041bb8                png_get_IHDR
                0x0000000080041de8                png_get_oFFs
                0x0000000080041ecc                png_get_pCAL
                0x0000000080042054                png_get_sCAL_fixed
                0x000000008004216c                png_get_sCAL
                0x0000000080042254                png_get_sCAL_s
                0x0000000080042314                png_get_pHYs
                0x000000008004241c                png_get_PLTE
                0x00000000800424cc                png_get_sBIT
                0x0000000080042554                png_get_text
                0x0000000080042628                png_get_tIME
                0x00000000800426b0                png_get_tRNS
                0x000000008004280c                png_get_unknown_chunks
                0x0000000080042888                png_get_rgb_to_gray_status
                0x00000000800428d0                png_get_user_chunk_ptr
                0x0000000080042914                png_get_compression_buffer_size
                0x0000000080042958                png_get_user_width_max
                0x000000008004299c                png_get_user_height_max
                0x00000000800429e0                png_get_chunk_cache_max
                0x0000000080042a24                png_get_chunk_malloc_max
                0x0000000080042a68                png_get_io_state
                0x0000000080042a98                png_get_io_chunk_type
                0x0000000080042b14                png_get_io_chunk_name
 .text          0x0000000080042b40     0x126c /usr/local/xenon/usr/lib/libz.a(crc32.o)
                0x0000000080042b40                get_crc_table
                0x0000000080042b68                crc32
                0x0000000080043d0c                crc32_combine
                0x0000000080043d5c                crc32_combine64
 .text          0x0000000080043dac     0x4c28 /usr/local/xenon/usr/lib/libz.a(inflate.o)
                0x0000000080043dac                inflateReset
                0x0000000080043f74                inflateReset2
                0x00000000800440f0                inflateInit2_
                0x00000000800442a4                inflateInit_
                0x00000000800442f8                inflatePrime
                0x00000000800447f4                inflate
                0x0000000080047cac                inflateEnd
                0x0000000080047dac                inflateSetDictionary
                0x0000000080047fc8                inflateGetHeader
                0x0000000080048174                inflateSync
                0x000000008004843c                inflateSyncPoint
                0x00000000800484cc                inflateCopy
                0x0000000080048874                inflateUndermine
                0x0000000080048904                inflateMark
 .text          0x00000000800489d4      0xb8c /usr/local/xenon/usr/lib/libz.a(inftrees.o)